Component: ARM Compiler 5.06 update 7 (build 960) Tool: armlink [4d3601]

==============================================================================

Section Cross References

    system_apm32f4xx.o(i.SystemCoreClockUpdate) refers to system_apm32f4xx.o(.data) for SystemCoreClock
    system_apm32f4xx.o(i.SystemInit) refers to system_apm32f4xx.o(i.SystemClockConfig) for SystemClockConfig
    startup_apm32f40x.o(RESET) refers to startup_apm32f40x.o(STACK) for __initial_sp
    startup_apm32f40x.o(RESET) refers to startup_apm32f40x.o(.text) for Reset_Handler
    startup_apm32f40x.o(RESET) refers to apm32f4xx_int.o(i.NMI_Handler) for NMI_Handler
    startup_apm32f40x.o(RESET) refers to apm32f4xx_int.o(i.HardFault_Handler) for HardFault_Handler
    startup_apm32f40x.o(RESET) refers to apm32f4xx_int.o(i.MemManage_Handler) for MemManage_Handler
    startup_apm32f40x.o(RESET) refers to apm32f4xx_int.o(i.BusFault_Handler) for BusFault_Handler
    startup_apm32f40x.o(RESET) refers to apm32f4xx_int.o(i.UsageFault_Handler) for UsageFault_Handler
    startup_apm32f40x.o(RESET) refers to apm32f4xx_int.o(i.SVC_Handler) for SVC_Handler
    startup_apm32f40x.o(RESET) refers to apm32f4xx_int.o(i.DebugMon_Handler) for DebugMon_Handler
    startup_apm32f40x.o(RESET) refers to apm32f4xx_int.o(i.PendSV_Handler) for PendSV_Handler
    startup_apm32f40x.o(RESET) refers to apm32f4xx_int.o(i.SysTick_Handler) for SysTick_Handler
    startup_apm32f40x.o(.text) refers to system_apm32f4xx.o(i.SystemInit) for SystemInit
    startup_apm32f40x.o(.text) refers to entry.o(.ARM.Collect$$$$00000000) for __main
    apm32f4xx_adc.o(i.ADC_Reset) refers to apm32f4xx_rcm.o(i.RCM_EnableAPB2PeriphReset) for RCM_EnableAPB2PeriphReset
    apm32f4xx_adc.o(i.ADC_Reset) refers to apm32f4xx_rcm.o(i.RCM_DisableAPB2PeriphReset) for RCM_DisableAPB2PeriphReset
    apm32f4xx_can.o(i.CAN_Reset) refers to apm32f4xx_rcm.o(i.RCM_EnableAPB1PeriphReset) for RCM_EnableAPB1PeriphReset
    apm32f4xx_can.o(i.CAN_Reset) refers to apm32f4xx_rcm.o(i.RCM_DisableAPB1PeriphReset) for RCM_DisableAPB1PeriphReset
    apm32f4xx_cryp.o(i.CRYP_Reset) refers to apm32f4xx_rcm.o(i.RCM_EnableAHB2PeriphReset) for RCM_EnableAHB2PeriphReset
    apm32f4xx_cryp.o(i.CRYP_Reset) refers to apm32f4xx_rcm.o(i.RCM_DisableAHB2PeriphReset) for RCM_DisableAHB2PeriphReset
    apm32f4xx_cryp_aes.o(i.CRYP_AES_CBC) refers to apm32f4xx_cryp.o(i.CRYP_ConfigKeyStructInit) for CRYP_ConfigKeyStructInit
    apm32f4xx_cryp_aes.o(i.CRYP_AES_CBC) refers to apm32f4xx_cryp.o(i.CRYP_FlushFIFO) for CRYP_FlushFIFO
    apm32f4xx_cryp_aes.o(i.CRYP_AES_CBC) refers to apm32f4xx_cryp.o(i.CRYP_Config) for CRYP_Config
    apm32f4xx_cryp_aes.o(i.CRYP_AES_CBC) refers to apm32f4xx_cryp.o(i.CRYP_ConfigKey) for CRYP_ConfigKey
    apm32f4xx_cryp_aes.o(i.CRYP_AES_CBC) refers to apm32f4xx_cryp.o(i.CRYP_Enable) for CRYP_Enable
    apm32f4xx_cryp_aes.o(i.CRYP_AES_CBC) refers to apm32f4xx_cryp.o(i.CRYP_ReadStatusFlag) for CRYP_ReadStatusFlag
    apm32f4xx_cryp_aes.o(i.CRYP_AES_CBC) refers to apm32f4xx_cryp.o(i.CRYP_ConfigIV) for CRYP_ConfigIV
    apm32f4xx_cryp_aes.o(i.CRYP_AES_CBC) refers to apm32f4xx_cryp.o(i.CRYP_ReadCmdStatus) for CRYP_ReadCmdStatus
    apm32f4xx_cryp_aes.o(i.CRYP_AES_CBC) refers to apm32f4xx_cryp.o(i.CRYP_InData) for CRYP_InData
    apm32f4xx_cryp_aes.o(i.CRYP_AES_CBC) refers to apm32f4xx_cryp.o(i.CRYP_OutData) for CRYP_OutData
    apm32f4xx_cryp_aes.o(i.CRYP_AES_CBC) refers to apm32f4xx_cryp.o(i.CRYP_Disable) for CRYP_Disable
    apm32f4xx_cryp_aes.o(i.CRYP_AES_CTR) refers to apm32f4xx_cryp.o(i.CRYP_ConfigKeyStructInit) for CRYP_ConfigKeyStructInit
    apm32f4xx_cryp_aes.o(i.CRYP_AES_CTR) refers to apm32f4xx_cryp.o(i.CRYP_ConfigKey) for CRYP_ConfigKey
    apm32f4xx_cryp_aes.o(i.CRYP_AES_CTR) refers to apm32f4xx_cryp.o(i.CRYP_Config) for CRYP_Config
    apm32f4xx_cryp_aes.o(i.CRYP_AES_CTR) refers to apm32f4xx_cryp.o(i.CRYP_ConfigIV) for CRYP_ConfigIV
    apm32f4xx_cryp_aes.o(i.CRYP_AES_CTR) refers to apm32f4xx_cryp.o(i.CRYP_FlushFIFO) for CRYP_FlushFIFO
    apm32f4xx_cryp_aes.o(i.CRYP_AES_CTR) refers to apm32f4xx_cryp.o(i.CRYP_Enable) for CRYP_Enable
    apm32f4xx_cryp_aes.o(i.CRYP_AES_CTR) refers to apm32f4xx_cryp.o(i.CRYP_ReadCmdStatus) for CRYP_ReadCmdStatus
    apm32f4xx_cryp_aes.o(i.CRYP_AES_CTR) refers to apm32f4xx_cryp.o(i.CRYP_InData) for CRYP_InData
    apm32f4xx_cryp_aes.o(i.CRYP_AES_CTR) refers to apm32f4xx_cryp.o(i.CRYP_ReadStatusFlag) for CRYP_ReadStatusFlag
    apm32f4xx_cryp_aes.o(i.CRYP_AES_CTR) refers to apm32f4xx_cryp.o(i.CRYP_OutData) for CRYP_OutData
    apm32f4xx_cryp_aes.o(i.CRYP_AES_CTR) refers to apm32f4xx_cryp.o(i.CRYP_Disable) for CRYP_Disable
    apm32f4xx_cryp_aes.o(i.CRYP_AES_ECB) refers to apm32f4xx_cryp.o(i.CRYP_ConfigKeyStructInit) for CRYP_ConfigKeyStructInit
    apm32f4xx_cryp_aes.o(i.CRYP_AES_ECB) refers to apm32f4xx_cryp.o(i.CRYP_FlushFIFO) for CRYP_FlushFIFO
    apm32f4xx_cryp_aes.o(i.CRYP_AES_ECB) refers to apm32f4xx_cryp.o(i.CRYP_Config) for CRYP_Config
[...]
    Removing apm32f4xx_pmu.o(i.PMU_DisablePVD), (20 bytes).
    Removing apm32f4xx_pmu.o(i.PMU_DisableWakeUpPin), (20 bytes).
    Removing apm32f4xx_pmu.o(i.PMU_EnableBackupAccess), (24 bytes).
    Removing apm32f4xx_pmu.o(i.PMU_EnableBackupRegulator), (24 bytes).
    Removing apm32f4xx_pmu.o(i.PMU_EnableFlashPowerDown), (24 bytes).
    Removing apm32f4xx_pmu.o(i.PMU_EnablePVD), (20 bytes).
    Removing apm32f4xx_pmu.o(i.PMU_EnableWakeUpPin), (24 bytes).
    Removing apm32f4xx_pmu.o(i.PMU_EnterSTANDBYMode), (44 bytes).
    Removing apm32f4xx_pmu.o(i.PMU_EnterSTOPMode), (76 bytes).
    Removing apm32f4xx_pmu.o(i.PMU_ReadStatusFlag), (76 bytes).
    Removing apm32f4xx_pmu.o(i.PMU_Reset), (20 bytes).
    Removing apm32f4xx_rcm.o(.rev16_text), (4 bytes).
    Removing apm32f4xx_rcm.o(.revsh_text), (4 bytes).
    Removing apm32f4xx_rcm.o(.rrx_text), (6 bytes).
    Removing apm32f4xx_rcm.o(i.RCM_ClearIntFlag), (20 bytes).
    Removing apm32f4xx_rcm.o(i.RCM_ClearStatusFlag), (24 bytes).
    Removing apm32f4xx_rcm.o(i.RCM_ConfigAHB), (20 bytes).
    Removing apm32f4xx_rcm.o(i.RCM_ConfigAPB1), (20 bytes).
    Removing apm32f4xx_rcm.o(i.RCM_ConfigAPB2), (20 bytes).
    Removing apm32f4xx_rcm.o(i.RCM_ConfigHSE), (84 bytes).
    Removing apm32f4xx_rcm.o(i.RCM_ConfigHSITrim), (20 bytes).
    Removing apm32f4xx_rcm.o(i.RCM_ConfigI2SCLK), (20 bytes).
    Removing apm32f4xx_rcm.o(i.RCM_ConfigLSE), (76 bytes).
    Removing apm32f4xx_rcm.o(i.RCM_ConfigMCO1), (28 bytes).
    Removing apm32f4xx_rcm.o(i.RCM_ConfigMCO2), (28 bytes).
    Removing apm32f4xx_rcm.o(i.RCM_ConfigPLL1), (64 bytes).
    Removing apm32f4xx_rcm.o(i.RCM_ConfigPLL2), (28 bytes).
    Removing apm32f4xx_rcm.o(i.RCM_ConfigRTCCLK), (60 bytes).
    Removing apm32f4xx_rcm.o(i.RCM_ConfigSDRAM), (20 bytes).
    Removing apm32f4xx_rcm.o(i.RCM_ConfigSYSCLK), (20 bytes).
    Removing apm32f4xx_rcm.o(i.RCM_DisableAHB1PeriphClock), (16 bytes).
    Removing apm32f4xx_rcm.o(i.RCM_DisableAHB1PeriphClockLPMode), (16 bytes).
    Removing apm32f4xx_rcm.o(i.RCM_DisableAHB1PeriphReset), (16 bytes).
    Removing apm32f4xx_rcm.o(i.RCM_DisableAHB2PeriphClock), (16 bytes).
    Removing apm32f4xx_rcm.o(i.RCM_DisableAHB2PeriphClockLPMode), (16 bytes).
    Removing apm32f4xx_rcm.o(i.RCM_DisableAHB2PeriphReset), (16 bytes).
    Removing apm32f4xx_rcm.o(i.RCM_DisableAPB1PeriphClock), (16 bytes).
    Removing apm32f4xx_rcm.o(i.RCM_DisableAPB1PeriphClockLPMode), (16 bytes).
    Removing apm32f4xx_rcm.o(i.RCM_DisableAPB1PeriphReset), (16 bytes).
    Removing apm32f4xx_rcm.o(i.RCM_DisableAPB2PeriphClock), (16 bytes).
    Removing apm32f4xx_rcm.o(i.RCM_DisableAPB2PeriphClockLPMode), (16 bytes).
    Removing apm32f4xx_rcm.o(i.RCM_DisableBackupReset), (20 bytes).
    Removing apm32f4xx_rcm.o(i.RCM_DisableCSS), (20 bytes).
    Removing apm32f4xx_rcm.o(i.RCM_DisableHSI), (20 bytes).
    Removing apm32f4xx_rcm.o(i.RCM_DisableInterrupt), (20 bytes).
    Removing apm32f4xx_rcm.o(i.RCM_DisableLSI), (20 bytes).
    Removing apm32f4xx_rcm.o(i.RCM_DisablePLL1), (20 bytes).
    Removing apm32f4xx_rcm.o(i.RCM_DisablePLL2), (20 bytes).
    Removing apm32f4xx_rcm.o(i.RCM_DisableRTCCLK), (20 bytes).
    Removing apm32f4xx_rcm.o(i.RCM_EnableAHB1PeriphClockLPMode), (16 bytes).
    Removing apm32f4xx_rcm.o(i.RCM_EnableAHB1PeriphReset), (16 bytes).
    Removing apm32f4xx_rcm.o(i.RCM_EnableAHB2PeriphClock), (16 bytes).
    Removing apm32f4xx_rcm.o(i.RCM_EnableAHB2PeriphClockLPMode), (16 bytes).
    Removing apm32f4xx_rcm.o(i.RCM_EnableAHB2PeriphReset), (16 bytes).
    Removing apm32f4xx_rcm.o(i.RCM_EnableAPB1PeriphClockLPMode), (16 bytes).
    Removing apm32f4xx_rcm.o(i.RCM_EnableAPB1PeriphReset), (16 bytes).
    Removing apm32f4xx_rcm.o(i.RCM_EnableAPB2PeriphClockLPMode), (16 bytes).
    Removing apm32f4xx_rcm.o(i.RCM_EnableBackupReset), (24 bytes).
    Removing apm32f4xx_rcm.o(i.RCM_EnableCSS), (24 bytes).
    Removing apm32f4xx_rcm.o(i.RCM_EnableHSI), (20 bytes).
    Removing apm32f4xx_rcm.o(i.RCM_EnableInterrupt), (20 bytes).
    Removing apm32f4xx_rcm.o(i.RCM_EnableLSI), (20 bytes).
    Removing apm32f4xx_rcm.o(i.RCM_EnablePLL1), (24 bytes).
    Removing apm32f4xx_rcm.o(i.RCM_EnablePLL2), (24 bytes).
    Removing apm32f4xx_rcm.o(i.RCM_EnableRTCCLK), (24 bytes).
    Removing apm32f4xx_rcm.o(i.RCM_ReadIntFlag), (24 bytes).
    Removing apm32f4xx_rcm.o(i.RCM_ReadSYSCLKSource), (16 bytes).
    Removing apm32f4xx_rcm.o(i.RCM_ReadStatusFlag), (68 bytes).
    Removing apm32f4xx_rcm.o(i.RCM_Reset), (88 bytes).
    Removing apm32f4xx_rcm.o(i.RCM_WaitHSEReady), (44 bytes).
    Removing apm32f4xx_rng.o(.rev16_text), (4 bytes).
    Removing apm32f4xx_rng.o(.revsh_text), (4 bytes).
    Removing apm32f4xx_rng.o(.rrx_text), (6 bytes).
    Removing apm32f4xx_rng.o(i.DisableInterrupt), (20 bytes).
    Removing apm32f4xx_rng.o(i.EnableInterrupt), (20 bytes).
    Removing apm32f4xx_rng.o(i.RNG_ClearIntFlag), (16 bytes).
    Removing apm32f4xx_rng.o(i.RNG_ClearStatusFlag), (16 bytes).
    Removing apm32f4xx_rng.o(i.RNG_Disable), (20 bytes).
    Removing apm32f4xx_rng.o(i.RNG_Enable), (20 bytes).
    Removing apm32f4xx_rng.o(i.RNG_ReadIntFlag), (24 bytes).
    Removing apm32f4xx_rng.o(i.RNG_ReadRandomNumber), (12 bytes).
    Removing apm32f4xx_rng.o(i.RNG_ReadStatusFlag), (24 bytes).
    Removing apm32f4xx_rng.o(i.RNG_Reset), (16 bytes).
    Removing apm32f4xx_rtc.o(.rev16_text), (4 bytes).
    Removing apm32f4xx_rtc.o(.revsh_text), (4 bytes).
    Removing apm32f4xx_rtc.o(.rrx_text), (6 bytes).
    Removing apm32f4xx_rtc.o(i.RTC_Bcd2ConByte), (22 bytes).
    Removing apm32f4xx_rtc.o(i.RTC_ByteConBcd2), (28 bytes).
    Removing apm32f4xx_rtc.o(i.RTC_ClearIntFlag), (20 bytes).
    Removing apm32f4xx_rtc.o(i.RTC_ClearStatusFlag), (16 bytes).
    Removing apm32f4xx_rtc.o(i.RTC_Config), (88 bytes).
    Removing apm32f4xx_rtc.o(i.RTC_ConfigAlarm), (164 bytes).
    Removing apm32f4xx_rtc.o(i.RTC_ConfigAlarmStructInit), (22 bytes).
    Removing apm32f4xx_rtc.o(i.RTC_ConfigAlarmSubSecond), (76 bytes).
    Removing apm32f4xx_rtc.o(i.RTC_ConfigCalibOutput), (32 bytes).
    Removing apm32f4xx_rtc.o(i.RTC_ConfigCoarseCalib), (64 bytes).
    Removing apm32f4xx_rtc.o(i.RTC_ConfigDate), (168 bytes).
    Removing apm32f4xx_rtc.o(i.RTC_ConfigDateStructInit), (14 bytes).
    Removing apm32f4xx_rtc.o(i.RTC_ConfigDayLightSaving), (72 bytes).
    Removing apm32f4xx_rtc.o(i.RTC_ConfigFilter), (20 bytes).
    Removing apm32f4xx_rtc.o(i.RTC_ConfigOutput), (44 bytes).
    Removing apm32f4xx_rtc.o(i.RTC_ConfigOutputType), (20 bytes).
    Removing apm32f4xx_rtc.o(i.RTC_ConfigSamplingFreq), (20 bytes).
    Removing apm32f4xx_rtc.o(i.RTC_ConfigSmoothCalib), (80 bytes).
    Removing apm32f4xx_rtc.o(i.RTC_ConfigStructInit), (14 bytes).
    Removing apm32f4xx_rtc.o(i.RTC_ConfigSynchroShift), (92 bytes).
    Removing apm32f4xx_rtc.o(i.RTC_ConfigTamperPin), (20 bytes).
    Removing apm32f4xx_rtc.o(i.RTC_ConfigTamperTrigger), (36 bytes).
    Removing apm32f4xx_rtc.o(i.RTC_ConfigTime), (160 bytes).
    Removing apm32f4xx_rtc.o(i.RTC_ConfigTimeStampPin), (20 bytes).
    Removing apm32f4xx_rtc.o(i.RTC_ConfigTimeStructInit), (12 bytes).
    Removing apm32f4xx_rtc.o(i.RTC_ConfigWakeUpClock), (32 bytes).
    Removing apm32f4xx_rtc.o(i.RTC_ConfigWakeUpValue), (24 bytes).
    Removing apm32f4xx_rtc.o(i.RTC_DisableAlarmA), (84 bytes).
    Removing apm32f4xx_rtc.o(i.RTC_DisableAlarmB), (84 bytes).
    Removing apm32f4xx_rtc.o(i.RTC_DisableBypassShadow), (28 bytes).
    Removing apm32f4xx_rtc.o(i.RTC_DisableCalibOutput), (28 bytes).
    Removing apm32f4xx_rtc.o(i.RTC_DisableCoarseCalib), (48 bytes).
    Removing apm32f4xx_rtc.o(i.RTC_DisableInit), (20 bytes).
    Removing apm32f4xx_rtc.o(i.RTC_DisableInterrupt), (52 bytes).
    Removing apm32f4xx_rtc.o(i.RTC_DisablePullUp), (24 bytes).
    Removing apm32f4xx_rtc.o(i.RTC_DisableRefClock), (48 bytes).
    Removing apm32f4xx_rtc.o(i.RTC_DisableTDE), (20 bytes).
    Removing apm32f4xx_rtc.o(i.RTC_DisableTamper), (36 bytes).
    Removing apm32f4xx_rtc.o(i.RTC_DisableTimeStamp), (28 bytes).
    Removing apm32f4xx_rtc.o(i.RTC_DisableWakeUp), (84 bytes).
    Removing apm32f4xx_rtc.o(i.RTC_DisableWriteProtection), (16 bytes).
    Removing apm32f4xx_rtc.o(i.RTC_EnableAlarmA), (32 bytes).
    Removing apm32f4xx_rtc.o(i.RTC_EnableAlarmB), (32 bytes).
    Removing apm32f4xx_rtc.o(i.RTC_EnableBypassShadow), (32 bytes).
    Removing apm32f4xx_rtc.o(i.RTC_EnableCalibOutput), (32 bytes).
    Removing apm32f4xx_rtc.o(i.RTC_EnableCoarseCalib), (52 bytes).
    Removing apm32f4xx_rtc.o(i.RTC_EnableInit), (80 bytes).
    Removing apm32f4xx_rtc.o(i.RTC_EnableInterrupt), (52 bytes).
    Removing apm32f4xx_rtc.o(i.RTC_EnablePullUp), (20 bytes).
    Removing apm32f4xx_rtc.o(i.RTC_EnableRefClock), (52 bytes).
    Removing apm32f4xx_rtc.o(i.RTC_EnableTDE), (20 bytes).
    Removing apm32f4xx_rtc.o(i.RTC_EnableTamper), (40 bytes).
    Removing apm32f4xx_rtc.o(i.RTC_EnableTimeStamp), (56 bytes).
    Removing apm32f4xx_rtc.o(i.RTC_EnableWakeUp), (32 bytes).
    Removing apm32f4xx_rtc.o(i.RTC_EnableWriteProtection), (12 bytes).
    Removing apm32f4xx_rtc.o(i.RTC_PinsPrechargeDuration), (20 bytes).
    Removing apm32f4xx_rtc.o(i.RTC_ReadAlarm), (464 bytes).
    Removing apm32f4xx_rtc.o(i.RTC_ReadAlarmSubSecond), (36 bytes).
    Removing apm32f4xx_rtc.o(i.RTC_ReadBackup), (16 bytes).
    Removing apm32f4xx_rtc.o(i.RTC_ReadDate), (80 bytes).
    Removing apm32f4xx_rtc.o(i.RTC_ReadIntFlag), (72 bytes).
    Removing apm32f4xx_rtc.o(i.RTC_ReadStatusFlag), (24 bytes).
    Removing apm32f4xx_rtc.o(i.RTC_ReadStoreOperation), (16 bytes).
    Removing apm32f4xx_rtc.o(i.RTC_ReadSubSecond), (20 bytes).
    Removing apm32f4xx_rtc.o(i.RTC_ReadTime), (76 bytes).
    Removing apm32f4xx_rtc.o(i.RTC_ReadTimeDate), (148 bytes).
    Removing apm32f4xx_rtc.o(i.RTC_ReadTimeStampSubSecond), (12 bytes).
    Removing apm32f4xx_rtc.o(i.RTC_ReadWakeUpValue), (12 bytes).
    Removing apm32f4xx_rtc.o(i.RTC_Reset), (204 bytes).
    Removing apm32f4xx_rtc.o(i.RTC_WaitForSynchro), (80 bytes).
    Removing apm32f4xx_rtc.o(i.RTC_WriteBackup), (12 bytes).
    Removing apm32f4xx_sdio.o(.rev16_text), (4 bytes).
    Removing apm32f4xx_sdio.o(.revsh_text), (4 bytes).
    Removing apm32f4xx_sdio.o(.rrx_text), (6 bytes).
    Removing apm32f4xx_sdio.o(i.SDIO_ClearIntFlag), (12 bytes).
    Removing apm32f4xx_sdio.o(i.SDIO_ClearStatusFlag), (12 bytes).
    Removing apm32f4xx_sdio.o(i.SDIO_Config), (92 bytes).
    Removing apm32f4xx_sdio.o(i.SDIO_ConfigData), (56 bytes).
    Removing apm32f4xx_sdio.o(i.SDIO_ConfigDataStructInit), (20 bytes).
    Removing apm32f4xx_sdio.o(i.SDIO_ConfigPowerState), (20 bytes).
    Removing apm32f4xx_sdio.o(i.SDIO_ConfigSDIOReadWaitMode), (20 bytes).
    Removing apm32f4xx_sdio.o(i.SDIO_ConfigStructInit), (16 bytes).
    Removing apm32f4xx_sdio.o(i.SDIO_DisableCEATAInterrupt), (24 bytes).
    Removing apm32f4xx_sdio.o(i.SDIO_DisableClock), (20 bytes).
    Removing apm32f4xx_sdio.o(i.SDIO_DisableCommandCompletion), (20 bytes).
    Removing apm32f4xx_sdio.o(i.SDIO_DisableDMA), (20 bytes).
    Removing apm32f4xx_sdio.o(i.SDIO_DisableInterrupt), (16 bytes).
    Removing apm32f4xx_sdio.o(i.SDIO_DisableSDIO), (20 bytes).
    Removing apm32f4xx_sdio.o(i.SDIO_DisableStartReadWait), (20 bytes).
    Removing apm32f4xx_sdio.o(i.SDIO_DisableStopReadWait), (20 bytes).
    Removing apm32f4xx_sdio.o(i.SDIO_DisableTxCEATA), (20 bytes).
    Removing apm32f4xx_sdio.o(i.SDIO_DisableTxSDIOSuspend), (20 bytes).
    Removing apm32f4xx_sdio.o(i.SDIO_EnableCEATAInterrupt), (20 bytes).
    Removing apm32f4xx_sdio.o(i.SDIO_EnableClock), (24 bytes).
    Removing apm32f4xx_sdio.o(i.SDIO_EnableCommandCompletion), (24 bytes).
    Removing apm32f4xx_sdio.o(i.SDIO_EnableDMA), (20 bytes).
    Removing apm32f4xx_sdio.o(i.SDIO_EnableInterrupt), (16 bytes).
    Removing apm32f4xx_sdio.o(i.SDIO_EnableSDIO), (24 bytes).
    Removing apm32f4xx_sdio.o(i.SDIO_EnableStartReadWait), (24 bytes).
    Removing apm32f4xx_sdio.o(i.SDIO_EnableStopReadWait), (24 bytes).
    Removing apm32f4xx_sdio.o(i.SDIO_EnableTxCEATA), (24 bytes).
    Removing apm32f4xx_sdio.o(i.SDIO_EnableTxSDIOSuspend), (24 bytes).
    Removing apm32f4xx_sdio.o(i.SDIO_ReadCommandResponse), (12 bytes).
    Removing apm32f4xx_sdio.o(i.SDIO_ReadData), (12 bytes).
    Removing apm32f4xx_sdio.o(i.SDIO_ReadDataCounter), (12 bytes).
    Removing apm32f4xx_sdio.o(i.SDIO_ReadFIFOCount), (12 bytes).
    Removing apm32f4xx_sdio.o(i.SDIO_ReadIntFlag), (36 bytes).
    Removing apm32f4xx_sdio.o(i.SDIO_ReadPowerState), (16 bytes).
    Removing apm32f4xx_sdio.o(i.SDIO_ReadResponse), (24 bytes).
    Removing apm32f4xx_sdio.o(i.SDIO_ReadStatusFlag), (24 bytes).
    Removing apm32f4xx_sdio.o(i.SDIO_Reset), (20 bytes).
    Removing apm32f4xx_sdio.o(i.SDIO_TxCommand), (52 bytes).
    Removing apm32f4xx_sdio.o(i.SDIO_TxCommandStructInit), (14 bytes).
    Removing apm32f4xx_sdio.o(i.SDIO_WriteData), (12 bytes).
    Removing apm32f4xx_smc.o(.rev16_text), (4 bytes).
    Removing apm32f4xx_smc.o(.revsh_text), (4 bytes).
    Removing apm32f4xx_smc.o(.rrx_text), (6 bytes).
    Removing apm32f4xx_smc.o(i.SMC_ClearIntFlag), (68 bytes).
    Removing apm32f4xx_smc.o(i.SMC_ClearStatusFlag), (60 bytes).
    Removing apm32f4xx_smc.o(i.SMC_ConfigNAND), (604 bytes).
    Removing apm32f4xx_smc.o(i.SMC_ConfigNANDStructInit), (52 bytes).
    Removing apm32f4xx_smc.o(i.SMC_ConfigNORSRAM), (2052 bytes).
    Removing apm32f4xx_smc.o(i.SMC_ConfigNORSRAMStructInit), (110 bytes).
    Removing apm32f4xx_smc.o(i.SMC_ConfigPCCard), (340 bytes).
    Removing apm32f4xx_smc.o(i.SMC_ConfigPCCardStructInit), (60 bytes).
    Removing apm32f4xx_smc.o(i.SMC_DisableInterrupt), (60 bytes).
    Removing apm32f4xx_smc.o(i.SMC_DisableNAND), (48 bytes).
    Removing apm32f4xx_smc.o(i.SMC_DisableNANDECC), (48 bytes).
    Removing apm32f4xx_smc.o(i.SMC_DisableNORSRAM), (86 bytes).
    Removing apm32f4xx_smc.o(i.SMC_DisablePCCARD), (24 bytes).
    Removing apm32f4xx_smc.o(i.SMC_EnableInterrupt), (60 bytes).
    Removing apm32f4xx_smc.o(i.SMC_EnableNAND), (52 bytes).
    Removing apm32f4xx_smc.o(i.SMC_EnableNANDECC), (52 bytes).
    Removing apm32f4xx_smc.o(i.SMC_EnableNORSRAM), (94 bytes).
    Removing apm32f4xx_smc.o(i.SMC_EnablePCCARD), (24 bytes).
    Removing apm32f4xx_smc.o(i.SMC_ReadECC), (28 bytes).
    Removing apm32f4xx_smc.o(i.SMC_ReadIntFlag), (60 bytes).
    Removing apm32f4xx_smc.o(i.SMC_ReadStatusFlag), (64 bytes).
    Removing apm32f4xx_smc.o(i.SMC_ResetNAND), (68 bytes).
    Removing apm32f4xx_smc.o(i.SMC_ResetNORSRAM), (112 bytes).
    Removing apm32f4xx_smc.o(i.SMC_ResetPCCard), (40 bytes).
    Removing apm32f4xx_spi.o(.rev16_text), (4 bytes).
    Removing apm32f4xx_spi.o(.revsh_text), (4 bytes).
    Removing apm32f4xx_spi.o(.rrx_text), (6 bytes).
    Removing apm32f4xx_spi.o(i.I2S_Config), (256 bytes).
    Removing apm32f4xx_spi.o(i.I2S_ConfigFullDuplex), (162 bytes).
    Removing apm32f4xx_spi.o(i.I2S_ConfigStructInit), (20 bytes).
    Removing apm32f4xx_spi.o(i.I2S_Disable), (10 bytes).
    Removing apm32f4xx_spi.o(i.I2S_Enable), (14 bytes).
    Removing apm32f4xx_spi.o(i.SPI_Config), (126 bytes).
    Removing apm32f4xx_spi.o(i.SPI_ConfigBiDirectionalLine), (10 bytes).
    Removing apm32f4xx_spi.o(i.SPI_ConfigDataSize), (10 bytes).
    Removing apm32f4xx_spi.o(i.SPI_ConfigStructInit), (24 bytes).
    Removing apm32f4xx_spi.o(i.SPI_Disable), (10 bytes).
    Removing apm32f4xx_spi.o(i.SPI_DisableCRC), (10 bytes).
    Removing apm32f4xx_spi.o(i.SPI_DisableSSOutput), (10 bytes).
    Removing apm32f4xx_spi.o(i.SPI_DisableTIMode), (10 bytes).
    Removing apm32f4xx_spi.o(i.SPI_Enable), (12 bytes).
    Removing apm32f4xx_spi.o(i.SPI_EnableCRC), (14 bytes).
    Removing apm32f4xx_spi.o(i.SPI_EnableSSOutput), (12 bytes).
    Removing apm32f4xx_spi.o(i.SPI_EnableTIMode), (12 bytes).
    Removing apm32f4xx_spi.o(i.SPI_I2S_ClearIntFlag), (18 bytes).
    Removing apm32f4xx_spi.o(i.SPI_I2S_ClearStatusFlag), (14 bytes).
    Removing apm32f4xx_spi.o(i.SPI_I2S_DisableDMA), (22 bytes).
    Removing apm32f4xx_spi.o(i.SPI_I2S_DisableInterrupt), (10 bytes).
    Removing apm32f4xx_spi.o(i.SPI_I2S_EnableDMA), (26 bytes).
    Removing apm32f4xx_spi.o(i.SPI_I2S_EnableInterrupt), (10 bytes).
    Removing apm32f4xx_spi.o(i.SPI_I2S_ReadIntFlag), (28 bytes).
    Removing apm32f4xx_spi.o(i.SPI_I2S_ReadStatusFlag), (16 bytes).
    Removing apm32f4xx_spi.o(i.SPI_I2S_Reset), (156 bytes).
    Removing apm32f4xx_spi.o(i.SPI_I2S_RxData), (8 bytes).
    Removing apm32f4xx_spi.o(i.SPI_I2S_TxData), (4 bytes).
    Removing apm32f4xx_spi.o(i.SPI_ReadCRCPolynomial), (8 bytes).
    Removing apm32f4xx_spi.o(i.SPI_ReadRxCRC), (8 bytes).
    Removing apm32f4xx_spi.o(i.SPI_ReadTxCRC), (8 bytes).
    Removing apm32f4xx_spi.o(i.SPI_ResetSoftwareNSS), (10 bytes).
    Removing apm32f4xx_spi.o(i.SPI_SetSoftwareNSS), (14 bytes).
    Removing apm32f4xx_spi.o(i.SPI_TxCRC), (14 bytes).
    Removing apm32f4xx_syscfg.o(.rev16_text), (4 bytes).
    Removing apm32f4xx_syscfg.o(.revsh_text), (4 bytes).
    Removing apm32f4xx_syscfg.o(.rrx_text), (6 bytes).
    Removing apm32f4xx_syscfg.o(i.SYSCFG_ConfigEINTLine), (84 bytes).
    Removing apm32f4xx_syscfg.o(i.SYSCFG_ConfigMediaInterface), (20 bytes).
    Removing apm32f4xx_syscfg.o(i.SYSCFG_ConfigMemoryRemap), (20 bytes).
    Removing apm32f4xx_syscfg.o(i.SYSCFG_DisableCompensationCell), (20 bytes).
    Removing apm32f4xx_syscfg.o(i.SYSCFG_EnableCompensationCell), (20 bytes).
    Removing apm32f4xx_syscfg.o(i.SYSCFG_ReadCompensationCellStatus), (16 bytes).
    Removing apm32f4xx_syscfg.o(i.SYSCFG_Reset), (20 bytes).
    Removing apm32f4xx_tmr.o(.rev16_text), (4 bytes).
    Removing apm32f4xx_tmr.o(.revsh_text), (4 bytes).
    Removing apm32f4xx_tmr.o(.rrx_text), (6 bytes).
    Removing apm32f4xx_tmr.o(i.TI1Config), (168 bytes).
    Removing apm32f4xx_tmr.o(i.TI2Config), (176 bytes).
    Removing apm32f4xx_tmr.o(i.TI3Config), (180 bytes).
    Removing apm32f4xx_tmr.o(i.TI4Config), (78 bytes).
    Removing apm32f4xx_tmr.o(i.TMR_ClearIntFlag), (6 bytes).
    Removing apm32f4xx_tmr.o(i.TMR_ClearOC1Ref), (10 bytes).
    Removing apm32f4xx_tmr.o(i.TMR_ClearOC2Ref), (10 bytes).
    Removing apm32f4xx_tmr.o(i.TMR_ClearOC3Ref), (10 bytes).
    Removing apm32f4xx_tmr.o(i.TMR_ClearOC4Ref), (10 bytes).
    Removing apm32f4xx_tmr.o(i.TMR_ClearStatusFlag), (6 bytes).
    Removing apm32f4xx_tmr.o(i.TMR_ConfigAutoreload), (6 bytes).
    Removing apm32f4xx_tmr.o(i.TMR_ConfigBDT), (42 bytes).
    Removing apm32f4xx_tmr.o(i.TMR_ConfigBDTStructInit), (18 bytes).
    Removing apm32f4xx_tmr.o(i.TMR_ConfigClockDivision), (10 bytes).
    Removing apm32f4xx_tmr.o(i.TMR_ConfigCompare1), (4 bytes).
    Removing apm32f4xx_tmr.o(i.TMR_ConfigCompare2), (4 bytes).
    Removing apm32f4xx_tmr.o(i.TMR_ConfigCompare3), (4 bytes).
    Removing apm32f4xx_tmr.o(i.TMR_ConfigCompare4), (4 bytes).
    Removing apm32f4xx_tmr.o(i.TMR_ConfigCounter), (4 bytes).
    Removing apm32f4xx_tmr.o(i.TMR_ConfigCounterMode), (20 bytes).
    Removing apm32f4xx_tmr.o(i.TMR_ConfigDMA), (8 bytes).
    Removing apm32f4xx_tmr.o(i.TMR_ConfigETR), (34 bytes).
    Removing apm32f4xx_tmr.o(i.TMR_ConfigETRClockMode1), (44 bytes).
    Removing apm32f4xx_tmr.o(i.TMR_ConfigETRClockMode2), (36 bytes).
    Removing apm32f4xx_tmr.o(i.TMR_ConfigEncodeInterface), (90 bytes).
    Removing apm32f4xx_tmr.o(i.TMR_ConfigForcedOC1), (10 bytes).
    Removing apm32f4xx_tmr.o(i.TMR_ConfigForcedOC2), (10 bytes).
    Removing apm32f4xx_tmr.o(i.TMR_ConfigForcedOC3), (10 bytes).
    Removing apm32f4xx_tmr.o(i.TMR_ConfigForcedOC4), (10 bytes).
    Removing apm32f4xx_tmr.o(i.TMR_ConfigIC), (116 bytes).
    Removing apm32f4xx_tmr.o(i.TMR_ConfigIC1Prescaler), (10 bytes).
    Removing apm32f4xx_tmr.o(i.TMR_ConfigIC2Prescaler), (10 bytes).
    Removing apm32f4xx_tmr.o(i.TMR_ConfigIC3Prescaler), (10 bytes).
    Removing apm32f4xx_tmr.o(i.TMR_ConfigIC4Prescaler), (10 bytes).
    Removing apm32f4xx_tmr.o(i.TMR_ConfigICStructInit), (18 bytes).
    Removing apm32f4xx_tmr.o(i.TMR_ConfigIntTrigExternalClock), (26 bytes).
    Removing apm32f4xx_tmr.o(i.TMR_ConfigInternalClock), (10 bytes).
    Removing apm32f4xx_tmr.o(i.TMR_ConfigOC1), (112 bytes).
    Removing apm32f4xx_tmr.o(i.TMR_ConfigOC1Fast), (10 bytes).
    Removing apm32f4xx_tmr.o(i.TMR_ConfigOC1NPolarity), (10 bytes).
    Removing apm32f4xx_tmr.o(i.TMR_ConfigOC1Polarity), (10 bytes).
    Removing apm32f4xx_tmr.o(i.TMR_ConfigOC1Preload), (10 bytes).
    Removing apm32f4xx_tmr.o(i.TMR_ConfigOC2), (128 bytes).
    Removing apm32f4xx_tmr.o(i.TMR_ConfigOC2Fast), (10 bytes).
    Removing apm32f4xx_tmr.o(i.TMR_ConfigOC2NPolarity), (10 bytes).
    Removing apm32f4xx_tmr.o(i.TMR_ConfigOC2Polarity), (10 bytes).
    Removing apm32f4xx_tmr.o(i.TMR_ConfigOC2Preload), (10 bytes).
    Removing apm32f4xx_tmr.o(i.TMR_ConfigOC3), (128 bytes).
    Removing apm32f4xx_tmr.o(i.TMR_ConfigOC3Fast), (10 bytes).
    Removing apm32f4xx_tmr.o(i.TMR_ConfigOC3NPolarity), (10 bytes).
    Removing apm32f4xx_tmr.o(i.TMR_ConfigOC3Polarity), (10 bytes).
    Removing apm32f4xx_tmr.o(i.TMR_ConfigOC3Preload), (10 bytes).
    Removing apm32f4xx_tmr.o(i.TMR_ConfigOC4), (92 bytes).
    Removing apm32f4xx_tmr.o(i.TMR_ConfigOC4Fast), (10 bytes).
    Removing apm32f4xx_tmr.o(i.TMR_ConfigOC4Polarity), (10 bytes).
    Removing apm32f4xx_tmr.o(i.TMR_ConfigOC4Preload), (10 bytes).
    Removing apm32f4xx_tmr.o(i.TMR_ConfigOCStructInit), (20 bytes).
    Removing apm32f4xx_tmr.o(i.TMR_ConfigPWM), (124 bytes).
    Removing apm32f4xx_tmr.o(i.TMR_ConfigPrescaler), (18 bytes).
    Removing apm32f4xx_tmr.o(i.TMR_ConfigRemap), (4 bytes).
    Removing apm32f4xx_tmr.o(i.TMR_ConfigSinglePulseMode), (10 bytes).
    Removing apm32f4xx_tmr.o(i.TMR_ConfigTimeBase), (144 bytes).
    Removing apm32f4xx_tmr.o(i.TMR_ConfigTimeBaseStructInit), (20 bytes).
    Removing apm32f4xx_tmr.o(i.TMR_ConfigTrigExternalClock), (64 bytes).
    Removing apm32f4xx_tmr.o(i.TMR_ConfigUpdateRequest), (10 bytes).
    Removing apm32f4xx_tmr.o(i.TMR_Disable), (10 bytes).
    Removing apm32f4xx_tmr.o(i.TMR_DisableAutoReload), (10 bytes).
    Removing apm32f4xx_tmr.o(i.TMR_DisableCCDMA), (10 bytes).
    Removing apm32f4xx_tmr.o(i.TMR_DisableCCPreload), (10 bytes).
    Removing apm32f4xx_tmr.o(i.TMR_DisableCCxChannel), (54 bytes).
    Removing apm32f4xx_tmr.o(i.TMR_DisableCCxNChannel), (40 bytes).
    Removing apm32f4xx_tmr.o(i.TMR_DisableDMASoure), (8 bytes).
    Removing apm32f4xx_tmr.o(i.TMR_DisableHallSensor), (10 bytes).
    Removing apm32f4xx_tmr.o(i.TMR_DisableInterrupt), (8 bytes).
    Removing apm32f4xx_tmr.o(i.TMR_DisableMasterSlaveMode), (10 bytes).
    Removing apm32f4xx_tmr.o(i.TMR_DisablePWMOutputs), (10 bytes).
    Removing apm32f4xx_tmr.o(i.TMR_DisableSelectCOM), (10 bytes).
    Removing apm32f4xx_tmr.o(i.TMR_DisableUpdate), (12 bytes).
    Removing apm32f4xx_tmr.o(i.TMR_Enable), (12 bytes).
    Removing apm32f4xx_tmr.o(i.TMR_EnableAutoReload), (12 bytes).
    Removing apm32f4xx_tmr.o(i.TMR_EnableCCDMA), (12 bytes).
    Removing apm32f4xx_tmr.o(i.TMR_EnableCCPreload), (12 bytes).
    Removing apm32f4xx_tmr.o(i.TMR_EnableCCxChannel), (66 bytes).
    Removing apm32f4xx_tmr.o(i.TMR_EnableCCxNChannel), (48 bytes).
    Removing apm32f4xx_tmr.o(i.TMR_EnableDMASoure), (8 bytes).
    Removing apm32f4xx_tmr.o(i.TMR_EnableHallSensor), (12 bytes).
    Removing apm32f4xx_tmr.o(i.TMR_EnableInterrupt), (8 bytes).
    Removing apm32f4xx_tmr.o(i.TMR_EnableMasterSlaveMode), (12 bytes).
    Removing apm32f4xx_tmr.o(i.TMR_EnablePWMOutputs), (14 bytes).
    Removing apm32f4xx_tmr.o(i.TMR_EnableSelectCOM), (12 bytes).
    Removing apm32f4xx_tmr.o(i.TMR_EnableUpdate), (10 bytes).
    Removing apm32f4xx_tmr.o(i.TMR_GenerateEvent), (4 bytes).
    Removing apm32f4xx_tmr.o(i.TMR_ReadCaputer1), (8 bytes).
    Removing apm32f4xx_tmr.o(i.TMR_ReadCaputer2), (8 bytes).
    Removing apm32f4xx_tmr.o(i.TMR_ReadCaputer3), (8 bytes).
    Removing apm32f4xx_tmr.o(i.TMR_ReadCaputer4), (8 bytes).
    Removing apm32f4xx_tmr.o(i.TMR_ReadCounter), (8 bytes).
    Removing apm32f4xx_tmr.o(i.TMR_ReadIntFlag), (22 bytes).
    Removing apm32f4xx_tmr.o(i.TMR_ReadPrescaler), (8 bytes).
    Removing apm32f4xx_tmr.o(i.TMR_ReadStatusFlag), (16 bytes).
    Removing apm32f4xx_tmr.o(i.TMR_Reset), (348 bytes).
    Removing apm32f4xx_tmr.o(i.TMR_SelectInputTrigger), (10 bytes).
    Removing apm32f4xx_tmr.o(i.TMR_SelectOCxMode), (54 bytes).
    Removing apm32f4xx_tmr.o(i.TMR_SelectOutputTrigger), (10 bytes).
    Removing apm32f4xx_tmr.o(i.TMR_SelectSlaveMode), (10 bytes).
    Removing apm32f4xx_usart.o(.rev16_text), (4 bytes).
    Removing apm32f4xx_usart.o(.revsh_text), (4 bytes).
    Removing apm32f4xx_usart.o(.rrx_text), (6 bytes).
    Removing apm32f4xx_usart.o(i.USART_Address), (10 bytes).
    Removing apm32f4xx_usart.o(i.USART_ClearIntFlag), (16 bytes).
    Removing apm32f4xx_usart.o(i.USART_ClearStatusFlag), (8 bytes).
    Removing apm32f4xx_usart.o(i.USART_ConfigClock), (42 bytes).
    Removing apm32f4xx_usart.o(i.USART_ConfigClockStructInit), (12 bytes).
    Removing apm32f4xx_usart.o(i.USART_ConfigGuardTime), (10 bytes).
    Removing apm32f4xx_usart.o(i.USART_ConfigIrDA), (10 bytes).
    Removing apm32f4xx_usart.o(i.USART_ConfigLINBreakDetectLength), (10 bytes).
    Removing apm32f4xx_usart.o(i.USART_ConfigPrescaler), (10 bytes).
    Removing apm32f4xx_usart.o(i.USART_ConfigWakeUp), (10 bytes).
    Removing apm32f4xx_usart.o(i.USART_Disable), (10 bytes).
    Removing apm32f4xx_usart.o(i.USART_DisableDMA), (30 bytes).
    Removing apm32f4xx_usart.o(i.USART_DisableHalfDuplex), (10 bytes).
    Removing apm32f4xx_usart.o(i.USART_DisableInterrupt), (42 bytes).
    Removing apm32f4xx_usart.o(i.USART_DisableIrDA), (10 bytes).
    Removing apm32f4xx_usart.o(i.USART_DisableLIN), (10 bytes).
    Removing apm32f4xx_usart.o(i.USART_DisableMuteMode), (10 bytes).
    Removing apm32f4xx_usart.o(i.USART_DisableOverSampling), (10 bytes).
    Removing apm32f4xx_usart.o(i.USART_DisableOverSampling8), (10 bytes).
    Removing apm32f4xx_usart.o(i.USART_DisableSmartCard), (10 bytes).
    Removing apm32f4xx_usart.o(i.USART_DisableSmartCardNACK), (10 bytes).
    Removing apm32f4xx_usart.o(i.USART_EnableDMA), (20 bytes).
    Removing apm32f4xx_usart.o(i.USART_EnableHalfDuplex), (12 bytes).
    Removing apm32f4xx_usart.o(i.USART_EnableInterrupt), (40 bytes).
    Removing apm32f4xx_usart.o(i.USART_EnableIrDA), (12 bytes).
    Removing apm32f4xx_usart.o(i.USART_EnableLIN), (14 bytes).
    Removing apm32f4xx_usart.o(i.USART_EnableMuteMode), (12 bytes).
    Removing apm32f4xx_usart.o(i.USART_EnableOverSampling), (14 bytes).
    Removing apm32f4xx_usart.o(i.USART_EnableOverSampling8), (14 bytes).
    Removing apm32f4xx_usart.o(i.USART_EnableSmartCard), (12 bytes).
    Removing apm32f4xx_usart.o(i.USART_EnableSmartCardNACK), (12 bytes).
    Removing apm32f4xx_usart.o(i.USART_ReadIntFlag), (62 bytes).
    Removing apm32f4xx_usart.o(i.USART_Reset), (216 bytes).
    Removing apm32f4xx_usart.o(i.USART_RxData), (10 bytes).
    Removing apm32f4xx_usart.o(i.USART_TxBreak), (12 bytes).
    Removing apm32f4xx_wwdt.o(.rev16_text), (4 bytes).
    Removing apm32f4xx_wwdt.o(.revsh_text), (4 bytes).
    Removing apm32f4xx_wwdt.o(.rrx_text), (6 bytes).
    Removing apm32f4xx_wwdt.o(i.WWDT_ClearFlag), (20 bytes).
    Removing apm32f4xx_wwdt.o(i.WWDT_ConfigCounter), (20 bytes).
    Removing apm32f4xx_wwdt.o(i.WWDT_ConfigTimebase), (20 bytes).
    Removing apm32f4xx_wwdt.o(i.WWDT_ConfigWindowData), (20 bytes).
    Removing apm32f4xx_wwdt.o(i.WWDT_Enable), (16 bytes).
    Removing apm32f4xx_wwdt.o(i.WWDT_EnableEWI), (24 bytes).
    Removing apm32f4xx_wwdt.o(i.WWDT_ReadFlag), (16 bytes).
    Removing apm32f4xx_wwdt.o(i.WWDT_Reset), (20 bytes).
    Removing board.o(.rev16_text), (4 bytes).
    Removing board.o(.revsh_text), (4 bytes).
    Removing board.o(.rrx_text), (6 bytes).
    Removing board.o(i.APM_MINI_LEDInit), (84 bytes).
    Removing board.o(i.APM_MINI_LEDOff), (36 bytes).
    Removing board.o(i.APM_MINI_LEDOn), (36 bytes).
    Removing board.o(i.APM_MINI_LEDToggle), (36 bytes).
    Removing board.o(i.APM_MINI_PBGetState), (32 bytes).
    Removing board.o(i.APM_MINI_PBInit), (156 bytes).
    Removing apm32f4xx_int.o(.rev16_text), (4 bytes).
    Removing apm32f4xx_int.o(.revsh_text), (4 bytes).
    Removing apm32f4xx_int.o(.rrx_text), (6 bytes).
    Removing main.o(.rev16_text), (4 bytes).
    Removing main.o(.revsh_text), (4 bytes).
    Removing main.o(.rrx_text), (6 bytes).

857 unused section(s) (total 33418 bytes) removed from the image.

==============================================================================

Image Symbol Table

    Local Symbols

    Symbol Name                              Value     Ov Type        Size  Object(Section)

    ../clib/microlib/division.c              0x00000000   Number         0  uldiv.o ABSOLUTE
    ../clib/microlib/division.c              0x00000000   Number         0  uidiv.o ABSOLUTE
    ../clib/microlib/init/entry.s            0x00000000   Number         0  entry9b.o ABSOLUTE
    ../clib/microlib/init/entry.s            0x00000000   Number         0  entry5.o ABSOLUTE
    ../clib/microlib/init/entry.s            0x00000000   Number         0  entry12b.o ABSOLUTE
    ../clib/microlib/init/entry.s            0x00000000   Number         0  entry12a.o ABSOLUTE
    ../clib/microlib/init/entry.s            0x00000000   Number         0  entry11b.o ABSOLUTE
    ../clib/microlib/init/entry.s            0x00000000   Number         0  entry.o ABSOLUTE
    ../clib/microlib/init/entry.s            0x00000000   Number         0  entry2.o ABSOLUTE
    ../clib/microlib/init/entry.s            0x00000000   Number         0  entry11a.o ABSOLUTE
    ../clib/microlib/init/entry.s            0x00000000   Number         0  entry10b.o ABSOLUTE
    ../clib/microlib/init/entry.s            0x00000000   Number         0  entry10a.o ABSOLUTE
    ../clib/microlib/init/entry.s            0x00000000   Number         0  entry9a.o ABSOLUTE
    ../clib/microlib/init/entry.s            0x00000000   Number         0  entry8b.o ABSOLUTE
    ../clib/microlib/init/entry.s            0x00000000   Number         0  entry8a.o ABSOLUTE
    ../clib/microlib/init/entry.s            0x00000000   Number         0  entry7b.o ABSOLUTE
    ../clib/microlib/init/entry.s            0x00000000   Number         0  entry7a.o ABSOLUTE
    ../clib/microlib/longlong.c              0x00000000   Number         0  llshl.o ABSOLUTE
    ../clib/microlib/longlong.c              0x00000000   Number         0  llushr.o ABSOLUTE
    ../clib/microlib/longlong.c              0x00000000   Number         0  llsshr.o ABSOLUTE
    ../clib/microlib/printf/printf.c         0x00000000   Number         0  printf7.o ABSOLUTE
    ../clib/microlib/printf/printf.c         0x00000000   Number         0  printf8.o ABSOLUTE
    ../clib/microlib/printf/printf.c         0x00000000   Number         0  printfa.o ABSOLUTE
    ../clib/microlib/printf/printf.c         0x00000000   Number         0  printf0.o ABSOLUTE
    ../clib/microlib/printf/printf.c         0x00000000   Number         0  printf6.o ABSOLUTE
    ../clib/microlib/printf/printf.c         0x00000000   Number         0  printfb.o ABSOLUTE
    ../clib/microlib/printf/printf.c         0x00000000   Number         0  printf1.o ABSOLUTE
    ../clib/microlib/printf/printf.c         0x00000000   Number         0  printf2.o ABSOLUTE
    ../clib/microlib/printf/printf.c         0x00000000   Number         0  printf4.o ABSOLUTE
    ../clib/microlib/printf/printf.c         0x00000000   Number         0  printf3.o ABSOLUTE
    ../clib/microlib/printf/printf.c         0x00000000   Number         0  printf5.o ABSOLUTE
    ../clib/microlib/printf/stubs.s          0x00000000   Number         0  stubs.o ABSOLUTE
    ../clib/microlib/stdio/streams.c         0x00000000   Number         0  stdout.o ABSOLUTE
    ../clib/microlib/stubs.s                 0x00000000   Number         0  iusefp.o ABSOLUTE
    ../fplib/microlib/d2f.c                  0x00000000   Number         0  d2f.o ABSOLUTE
    ../fplib/microlib/f2d.c                  0x00000000   Number         0  f2d.o ABSOLUTE
    ../fplib/microlib/fpadd.c                0x00000000   Number         0  dadd.o ABSOLUTE
    ../fplib/microlib/fpdiv.c                0x00000000   Number         0  fdiv.o ABSOLUTE
    ../fplib/microlib/fpdiv.c                0x00000000   Number         0  ddiv.o ABSOLUTE
    ../fplib/microlib/fpepilogue.c           0x00000000   Number         0  depilogue.o ABSOLUTE
    ../fplib/microlib/fpepilogue.c           0x00000000   Number         0  fepilogue.o ABSOLUTE
    ../fplib/microlib/fpfix.c                0x00000000   Number         0  dfixul.o ABSOLUTE
    ../fplib/microlib/fpflt.c                0x00000000   Number         0  ffltui.o ABSOLUTE
    ../fplib/microlib/fpmul.c                0x00000000   Number         0  dmul.o ABSOLUTE
    ..\..\..\..\..\Board\Board.c             0x00000000   Number         0  board.o ABSOLUTE
    ..\..\..\..\..\Library\APM32F4xx_StdPeriphDriver\src\apm32f4xx_adc.c 0x00000000   Number         0  apm32f4xx_adc.o ABSOLUTE
    ..\..\..\..\..\Library\APM32F4xx_StdPeriphDriver\src\apm32f4xx_can.c 0x00000000   Number         0  apm32f4xx_can.o ABSOLUTE
    ..\..\..\..\..\Library\APM32F4xx_StdPeriphDriver\src\apm32f4xx_crc.c 0x00000000   Number         0  apm32f4xx_crc.o ABSOLUTE
    ..\..\..\..\..\Library\APM32F4xx_StdPeriphDriver\src\apm32f4xx_cryp.c 0x00000000   Number         0  apm32f4xx_cryp.o ABSOLUTE
    ..\..\..\..\..\Library\APM32F4xx_StdPeriphDriver\src\apm32f4xx_cryp_aes.c 0x00000000   Number         0  apm32f4xx_cryp_aes.o ABSOLUTE
    ..\..\..\..\..\Library\APM32F4xx_StdPeriphDriver\src\apm32f4xx_cryp_des.c 0x00000000   Number         0  apm32f4xx_cryp_des.o ABSOLUTE
    ..\..\..\..\..\Library\APM32F4xx_StdPeriphDriver\src\apm32f4xx_cryp_tdes.c 0x00000000   Number         0  apm32f4xx_cryp_tdes.o ABSOLUTE
    ..\..\..\..\..\Library\APM32F4xx_StdPeriphDriver\src\apm32f4xx_dac.c 0x00000000   Number         0  apm32f4xx_dac.o ABSOLUTE
    ..\..\..\..\..\Library\APM32F4xx_StdPeriphDriver\src\apm32f4xx_dbgmcu.c 0x00000000   Number         0  apm32f4xx_dbgmcu.o ABSOLUTE
    ..\..\..\..\..\Library\APM32F4xx_StdPeriphDriver\src\apm32f4xx_dci.c 0x00000000   Number         0  apm32f4xx_dci.o ABSOLUTE
    ..\..\..\..\..\Library\APM32F4xx_StdPeriphDriver\src\apm32f4xx_dma.c 0x00000000   Number         0  apm32f4xx_dma.o ABSOLUTE
    ..\..\..\..\..\Library\APM32F4xx_StdPeriphDriver\src\apm32f4xx_dmc.c 0x00000000   Number         0  apm32f4xx_dmc.o ABSOLUTE
    ..\..\..\..\..\Library\APM32F4xx_StdPeriphDriver\src\apm32f4xx_eint.c 0x00000000   Number         0  apm32f4xx_eint.o ABSOLUTE
    ..\..\..\..\..\Library\APM32F4xx_StdPeriphDriver\src\apm32f4xx_fmc.c 0x00000000   Number         0  apm32f4xx_fmc.o ABSOLUTE
    ..\..\..\..\..\Library\APM32F4xx_StdPeriphDriver\src\apm32f4xx_gpio.c 0x00000000   Number         0  apm32f4xx_gpio.o ABSOLUTE
    ..\..\..\..\..\Library\APM32F4xx_StdPeriphDriver\src\apm32f4xx_hash.c 0x00000000   Number         0  apm32f4xx_hash.o ABSOLUTE
    ..\..\..\..\..\Library\APM32F4xx_StdPeriphDriver\src\apm32f4xx_hash_md5.c 0x00000000   Number         0  apm32f4xx_hash_md5.o ABSOLUTE
    ..\..\..\..\..\Library\APM32F4xx_StdPeriphDriver\src\apm32f4xx_hash_sha1.c 0x00000000   Number         0  apm32f4xx_hash_sha1.o ABSOLUTE
    ..\..\..\..\..\Library\APM32F4xx_StdPeriphDriver\src\apm32f4xx_i2c.c 0x00000000   Number         0  apm32f4xx_i2c.o ABSOLUTE
    ..\..\..\..\..\Library\APM32F4xx_StdPeriphDriver\src\apm32f4xx_iwdt.c 0x00000000   Number         0  apm32f4xx_iwdt.o ABSOLUTE
    ..\..\..\..\..\Library\APM32F4xx_StdPeriphDriver\src\apm32f4xx_misc.c 0x00000000   Number         0  apm32f4xx_misc.o ABSOLUTE
    ..\..\..\..\..\Library\APM32F4xx_StdPeriphDriver\src\apm32f4xx_pmu.c 0x00000000   Number         0  apm32f4xx_pmu.o ABSOLUTE
    ..\..\..\..\..\Library\APM32F4xx_StdPeriphDriver\src\apm32f4xx_rcm.c 0x00000000   Number         0  apm32f4xx_rcm.o ABSOLUTE
    ..\..\..\..\..\Library\APM32F4xx_StdPeriphDriver\src\apm32f4xx_rng.c 0x00000000   Number         0  apm32f4xx_rng.o ABSOLUTE
    ..\..\..\..\..\Library\APM32F4xx_StdPeriphDriver\src\apm32f4xx_rtc.c 0x00000000   Number         0  apm32f4xx_rtc.o ABSOLUTE
    ..\..\..\..\..\Library\APM32F4xx_StdPeriphDriver\src\apm32f4xx_sdio.c 0x00000000   Number         0  apm32f4xx_sdio.o ABSOLUTE
    ..\..\..\..\..\Library\APM32F4xx_StdPeriphDriver\src\apm32f4xx_smc.c 0x00000000   Number         0  apm32f4xx_smc.o ABSOLUTE
    ..\..\..\..\..\Library\APM32F4xx_StdPeriphDriver\src\apm32f4xx_spi.c 0x00000000   Number         0  apm32f4xx_spi.o ABSOLUTE
    ..\..\..\..\..\Library\APM32F4xx_StdPeriphDriver\src\apm32f4xx_syscfg.c 0x00000000   Number         0  apm32f4xx_syscfg.o ABSOLUTE
    ..\..\..\..\..\Library\APM32F4xx_StdPeriphDriver\src\apm32f4xx_tmr.c 0x00000000   Number         0  apm32f4xx_tmr.o ABSOLUTE
    ..\..\..\..\..\Library\APM32F4xx_StdPeriphDriver\src\apm32f4xx_usart.c 0x00000000   Number         0  apm32f4xx_usart.o ABSOLUTE
    ..\..\..\..\..\Library\APM32F4xx_StdPeriphDriver\src\apm32f4xx_wwdt.c 0x00000000   Number         0  apm32f4xx_wwdt.o ABSOLUTE
    ..\..\..\..\..\Library\Device\Geehy\APM32F4xx\Source\arm\startup_apm32f40x.s 0x00000000   Number         0  startup_apm32f40x.o ABSOLUTE
    ..\..\..\..\..\Library\Device\Geehy\APM32F4xx\Source\system_apm32f4xx.c 0x00000000   Number         0  system_apm32f4xx.o ABSOLUTE
    ..\..\Source\apm32f4xx_int.c             0x00000000   Number         0  apm32f4xx_int.o ABSOLUTE
    ..\..\Source\main.c                      0x00000000   Number         0  main.o ABSOLUTE
    ..\\..\\..\\..\\..\\Board\\Board.c       0x00000000   Number         0  board.o ABSOLUTE
    ..\\..\\..\\..\\..\\Library\\APM32F4xx_StdPeriphDriver\\src\\apm32f4xx_adc.c 0x00000000   Number         0  apm32f4xx_adc.o ABSOLUTE
    ..\\..\\..\\..\\..\\Library\\APM32F4xx_StdPeriphDriver\\src\\apm32f4xx_can.c 0x00000000   Number         0  apm32f4xx_can.o ABSOLUTE
    ..\\..\\..\\..\\..\\Library\\APM32F4xx_StdPeriphDriver\\src\\apm32f4xx_crc.c 0x00000000   Number         0  apm32f4xx_crc.o ABSOLUTE
    ..\\..\\..\\..\\..\\Library\\APM32F4xx_StdPeriphDriver\\src\\apm32f4xx_cryp.c 0x00000000   Number         0  apm32f4xx_cryp.o ABSOLUTE
    ..\\..\\..\\..\\..\\Library\\APM32F4xx_StdPeriphDriver\\src\\apm32f4xx_cryp_aes.c 0x00000000   Number         0  apm32f4xx_cryp_aes.o ABSOLUTE
    ..\\..\\..\\..\\..\\Library\\APM32F4xx_StdPeriphDriver\\src\\apm32f4xx_cryp_des.c 0x00000000   Number         0  apm32f4xx_cryp_des.o ABSOLUTE
    ..\\..\\..\\..\\..\\Library\\APM32F4xx_StdPeriphDriver\\src\\apm32f4xx_cryp_tdes.c 0x00000000   Number         0  apm32f4xx_cryp_tdes.o ABSOLUTE
    ..\\..\\..\\..\\..\\Library\\APM32F4xx_StdPeriphDriver\\src\\apm32f4xx_dac.c 0x00000000   Number         0  apm32f4xx_dac.o ABSOLUTE
    ..\\..\\..\\..\\..\\Library\\APM32F4xx_StdPeriphDriver\\src\\apm32f4xx_dbgmcu.c 0x00000000   Number         0  apm32f4xx_dbgmcu.o ABSOLUTE
    ..\\..\\..\\..\\..\\Library\\APM32F4xx_StdPeriphDriver\\src\\apm32f4xx_dci.c 0x00000000   Number         0  apm32f4xx_dci.o ABSOLUTE
    ..\\..\\..\\..\\..\\Library\\APM32F4xx_StdPeriphDriver\\src\\apm32f4xx_dma.c 0x00000000   Number         0  apm32f4xx_dma.o ABSOLUTE
    ..\\..\\..\\..\\..\\Library\\APM32F4xx_StdPeriphDriver\\src\\apm32f4xx_dmc.c 0x00000000   Number         0  apm32f4xx_dmc.o ABSOLUTE
    ..\\..\\..\\..\\..\\Library\\APM32F4xx_StdPeriphDriver\\src\\apm32f4xx_eint.c 0x00000000   Number         0  apm32f4xx_eint.o ABSOLUTE
    ..\\..\\..\\..\\..\\Library\\APM32F4xx_StdPeriphDriver\\src\\apm32f4xx_fmc.c 0x00000000   Number         0  apm32f4xx_fmc.o ABSOLUTE
    ..\\..\\..\\..\\..\\Library\\APM32F4xx_StdPeriphDriver\\src\\apm32f4xx_gpio.c 0x00000000   Number         0  apm32f4xx_gpio.o ABSOLUTE
    ..\\..\\..\\..\\..\\Library\\APM32F4xx_StdPeriphDriver\\src\\apm32f4xx_hash.c 0x00000000   Number         0  apm32f4xx_hash.o ABSOLUTE
    ..\\..\\..\\..\\..\\Library\\APM32F4xx_StdPeriphDriver\\src\\apm32f4xx_hash_md5.c 0x00000000   Number         0  apm32f4xx_hash_md5.o ABSOLUTE
    ..\\..\\..\\..\\..\\Library\\APM32F4xx_StdPeriphDriver\\src\\apm32f4xx_hash_sha1.c 0x00000000   Number         0  apm32f4xx_hash_sha1.o ABSOLUTE
    ..\\..\\..\\..\\..\\Library\\APM32F4xx_StdPeriphDriver\\src\\apm32f4xx_i2c.c 0x00000000   Number         0  apm32f4xx_i2c.o ABSOLUTE
    ..\\..\\..\\..\\..\\Library\\APM32F4xx_StdPeriphDriver\\src\\apm32f4xx_iwdt.c 0x00000000   Number         0  apm32f4xx_iwdt.o ABSOLUTE
    ..\\..\\..\\..\\..\\Library\\APM32F4xx_StdPeriphDriver\\src\\apm32f4xx_misc.c 0x00000000   Number         0  apm32f4xx_misc.o ABSOLUTE
    ..\\..\\..\\..\\..\\Library\\APM32F4xx_StdPeriphDriver\\src\\apm32f4xx_pmu.c 0x00000000   Number         0  apm32f4xx_pmu.o ABSOLUTE
    ..\\..\\..\\..\\..\\Library\\APM32F4xx_StdPeriphDriver\\src\\apm32f4xx_rcm.c 0x00000000   Number         0  apm32f4xx_rcm.o ABSOLUTE
    ..\\..\\..\\..\\..\\Library\\APM32F4xx_StdPeriphDriver\\src\\apm32f4xx_rng.c 0x00000000   Number         0  apm32f4xx_rng.o ABSOLUTE
    ..\\..\\..\\..\\..\\Library\\APM32F4xx_StdPeriphDriver\\src\\apm32f4xx_rtc.c 0x00000000   Number         0  apm32f4xx_rtc.o ABSOLUTE
    ..\\..\\..\\..\\..\\Library\\APM32F4xx_StdPeriphDriver\\src\\apm32f4xx_sdio.c 0x00000000   Number         0  apm32f4xx_sdio.o ABSOLUTE
    ..\\..\\..\\..\\..\\Library\\APM32F4xx_StdPeriphDriver\\src\\apm32f4xx_smc.c 0x00000000   Number         0  apm32f4xx_smc.o ABSOLUTE
    ..\\..\\..\\..\\..\\Library\\APM32F4xx_StdPeriphDriver\\src\\apm32f4xx_spi.c 0x00000000   Number         0  apm32f4xx_spi.o ABSOLUTE
    ..\\..\\..\\..\\..\\Library\\APM32F4xx_StdPeriphDriver\\src\\apm32f4xx_syscfg.c 0x00000000   Number         0  apm32f4xx_syscfg.o ABSOLUTE
    ..\\..\\..\\..\\..\\Library\\APM32F4xx_StdPeriphDriver\\src\\apm32f4xx_tmr.c 0x00000000   Number         0  apm32f4xx_tmr.o ABSOLUTE
    ..\\..\\..\\..\\..\\Library\\APM32F4xx_StdPeriphDriver\\src\\apm32f4xx_usart.c 0x00000000   Number         0  apm32f4xx_usart.o ABSOLUTE
    ..\\..\\..\\..\\..\\Library\\APM32F4xx_StdPeriphDriver\\src\\apm32f4xx_wwdt.c 0x00000000   Number         0  apm32f4xx_wwdt.o ABSOLUTE
    ..\\..\\..\\..\\..\\Library\\Device\\Geehy\\APM32F4xx\\Source\\system_apm32f4xx.c 0x00000000   Number         0  system_apm32f4xx.o ABSOLUTE
    ..\\..\\Source\\apm32f4xx_int.c          0x00000000   Number         0  apm32f4xx_int.o ABSOLUTE
    ..\\..\\Source\\main.c                   0x00000000   Number         0  main.o ABSOLUTE
    cdrcmple.s                               0x00000000   Number         0  cdrcmple.o ABSOLUTE
    dc.s                                     0x00000000   Number         0  dc.o ABSOLUTE
    handlers.s                               0x00000000   Number         0  handlers.o ABSOLUTE
    init.s                                   0x00000000   Number         0  init.o ABSOLUTE
    RESET                                    0x08000000   Section      404  startup_apm32f40x.o(RESET)
    .ARM.Collect$$$$00000000                 0x08000194   Section        0  entry.o(.ARM.Collect$$$$00000000)
    .ARM.Collect$$$$00000001                 0x08000194   Section        4  entry2.o(.ARM.Collect$$$$00000001)
    .ARM.Collect$$$$00000004                 0x08000198   Section        4  entry5.o(.ARM.Collect$$$$00000004)
    .ARM.Collect$$$$00000008                 0x0800019c   Section        0  entry7b.o(.ARM.Collect$$$$00000008)
    .ARM.Collect$$$$0000000A                 0x0800019c   Section        0  entry8b.o(.ARM.Collect$$$$0000000A)
    .ARM.Collect$$$$0000000B                 0x0800019c   Section        8  entry9a.o(.ARM.Collect$$$$0000000B)
    .ARM.Collect$$$$0000000E                 0x080001a4   Section        4  entry12b.o(.ARM.Collect$$$$0000000E)
    .ARM.Collect$$$$0000000F                 0x080001a8   Section        0  entry10a.o(.ARM.Collect$$$$0000000F)
    .ARM.Collect$$$$00000011                 0x080001a8   Section        0  entry11a.o(.ARM.Collect$$$$00000011)
    .ARM.Collect$$$$00002712                 0x080001a8   Section        4  entry2.o(.ARM.Collect$$$$00002712)
    __lit__00000000                          0x080001a8   Data           4  entry2.o(.ARM.Collect$$$$00002712)
    .text                                    0x080001ac   Section       36  startup_apm32f40x.o(.text)
    .text                                    0x080001d0   Section        0  fdiv.o(.text)
    .text                                    0x0800024c   Section        0  dadd.o(.text)
    .text                                    0x0800039a   Section        0  dmul.o(.text)
    .text                                    0x0800047e   Section        0  ddiv.o(.text)
    .text                                    0x0800055c   Section        0  ffltui.o(.text)
    .text                                    0x08000566   Section        0  f2d.o(.text)
    .text                                    0x0800058c   Section        0  d2f.o(.text)
    .text                                    0x080005c4   Section        0  uidiv.o(.text)
    .text                                    0x080005f0   Section        0  uldiv.o(.text)
    .text                                    0x08000652   Section        0  llshl.o(.text)
    .text                                    0x08000670   Section        0  llsshr.o(.text)
    .text                                    0x08000694   Section        0  fepilogue.o(.text)
    .text                                    0x08000694   Section        0  iusefp.o(.text)
    .text                                    0x08000702   Section        0  depilogue.o(.text)
    .text                                    0x080007bc   Section        0  dfixul.o(.text)
    .text                                    0x080007ec   Section       48  cdrcmple.o(.text)
    .text                                    0x0800081c   Section       36  init.o(.text)
    .text                                    0x08000840   Section        0  llushr.o(.text)
    i.ADC_Config                             0x08000860   Section        0  apm32f4xx_adc.o(i.ADC_Config)
    i.ADC_ConfigRegularChannel               0x080008aa   Section        0  apm32f4xx_adc.o(i.ADC_ConfigRegularChannel)
    i.ADC_ConfigStructInit                   0x08000962   Section        0  apm32f4xx_adc.o(i.ADC_ConfigStructInit)
    i.ADC_Enable                             0x08000976   Section        0  apm32f4xx_adc.o(i.ADC_Enable)
    i.ADC_EnableDMA                          0x08000982   Section        0  apm32f4xx_adc.o(i.ADC_EnableDMA)
    i.ADC_EnableDMARequest                   0x08000990   Section        0  apm32f4xx_adc.o(i.ADC_EnableDMARequest)
    i.ADC_EnableTempSensorVrefint            0x080009a0   Section        0  apm32f4xx_adc.o(i.ADC_EnableTempSensorVrefint)
    i.ADC_Init                               0x080009bc   Section        0  main.o(i.ADC_Init)
    i.ADC_Reset                              0x08000a20   Section        0  apm32f4xx_adc.o(i.ADC_Reset)
    i.ADC_SoftwareStartConv                  0x08000a34   Section        0  apm32f4xx_adc.o(i.ADC_SoftwareStartConv)
    i.APM_MINI_COMInit                       0x08000a44   Section        0  board.o(i.APM_MINI_COMInit)
    i.BusFault_Handler                       0x08000b24   Section        0  apm32f4xx_int.o(i.BusFault_Handler)
    i.DMA_ClearIntFlag                       0x08000b28   Section        0  apm32f4xx_dma.o(i.DMA_ClearIntFlag)
    i.DMA_ClearStatusFlag                    0x08000b5c   Section        0  apm32f4xx_dma.o(i.DMA_ClearStatusFlag)
    i.DMA_Config                             0x08000b90   Section        0  apm32f4xx_dma.o(i.DMA_Config)
    i.DMA_Enable                             0x08000c16   Section        0  apm32f4xx_dma.o(i.DMA_Enable)
    i.DMA_EnableInterrupt                    0x08000c22   Section        0  apm32f4xx_dma.o(i.DMA_EnableInterrupt)
    i.DMA_Init                               0x08000c44   Section        0  main.o(i.DMA_Init)
    i.DMA_ReadStatusFlag                     0x08000cc8   Section        0  apm32f4xx_dma.o(i.DMA_ReadStatusFlag)
    i.DebugMon_Handler                       0x08000d04   Section        0  apm32f4xx_int.o(i.DebugMon_Handler)
    i.Delay                                  0x08000d06   Section        0  main.o(i.Delay)
    i.GPIO_Config                            0x08000d18   Section        0  apm32f4xx_gpio.o(i.GPIO_Config)
    i.GPIO_ConfigPinAF                       0x08000da8   Section        0  apm32f4xx_gpio.o(i.GPIO_ConfigPinAF)
    i.GPIO_ConfigStructInit                  0x08000df2   Section        0  apm32f4xx_gpio.o(i.GPIO_ConfigStructInit)
    i.HardFault_Handler                      0x08000e04   Section        0  apm32f4xx_int.o(i.HardFault_Handler)
    i.MemManage_Handler                      0x08000e08   Section        0  apm32f4xx_int.o(i.MemManage_Handler)
    i.NMI_Handler                            0x08000e0c   Section        0  apm32f4xx_int.o(i.NMI_Handler)
    i.PendSV_Handler                         0x08000e0e   Section        0  apm32f4xx_int.o(i.PendSV_Handler)
    i.RCM_DisableAPB2PeriphReset             0x08000e10   Section        0  apm32f4xx_rcm.o(i.RCM_DisableAPB2PeriphReset)
    i.RCM_EnableAHB1PeriphClock              0x08000e20   Section        0  apm32f4xx_rcm.o(i.RCM_EnableAHB1PeriphClock)
    i.RCM_EnableAPB1PeriphClock              0x08000e30   Section        0  apm32f4xx_rcm.o(i.RCM_EnableAPB1PeriphClock)
    i.RCM_EnableAPB2PeriphClock              0x08000e40   Section        0  apm32f4xx_rcm.o(i.RCM_EnableAPB2PeriphClock)
    i.RCM_EnableAPB2PeriphReset              0x08000e50   Section        0  apm32f4xx_rcm.o(i.RCM_EnableAPB2PeriphReset)
    i.RCM_ReadHCLKFreq                       0x08000e60   Section        0  apm32f4xx_rcm.o(i.RCM_ReadHCLKFreq)
    i.RCM_ReadPCLKFreq                       0x08000e9c   Section        0  apm32f4xx_rcm.o(i.RCM_ReadPCLKFreq)
    i.RCM_ReadSYSCLKFreq                     0x08000ee8   Section        0  apm32f4xx_rcm.o(i.RCM_ReadSYSCLKFreq)
    i.SVC_Handler                            0x08000f70   Section        0  apm32f4xx_int.o(i.SVC_Handler)
    i.SysTick_Handler                        0x08000f72   Section        0  apm32f4xx_int.o(i.SysTick_Handler)
    i.SystemClockConfig                      0x08000f74   Section        0  system_apm32f4xx.o(i.SystemClockConfig)
    SystemClockConfig                        0x08000f75   Thumb Code   248  system_apm32f4xx.o(i.SystemClockConfig)
    i.SystemInit                             0x0800107c   Section        0  system_apm32f4xx.o(i.SystemInit)
    i.USART_Config                           0x080010d8   Section        0  apm32f4xx_usart.o(i.USART_Config)
    i.USART_ConfigStructInit                 0x080011cc   Section        0  apm32f4xx_usart.o(i.USART_ConfigStructInit)
    i.USART_Enable                           0x080011e4   Section        0  apm32f4xx_usart.o(i.USART_Enable)
    i.USART_ReadStatusFlag                   0x080011f2   Section        0  apm32f4xx_usart.o(i.USART_ReadStatusFlag)
    i.USART_TxData                           0x08001202   Section        0  apm32f4xx_usart.o(i.USART_TxData)
    i.UsageFault_Handler                     0x0800120c   Section        0  apm32f4xx_int.o(i.UsageFault_Handler)
    i.__0printf                              0x08001210   Section        0  printfa.o(i.__0printf)
    i.__scatterload_copy                     0x08001230   Section       14  handlers.o(i.__scatterload_copy)
    i.__scatterload_null                     0x0800123e   Section        2  handlers.o(i.__scatterload_null)
    i.__scatterload_zeroinit                 0x08001240   Section       14  handlers.o(i.__scatterload_zeroinit)
    i._fp_digits                             0x08001250   Section        0  printfa.o(i._fp_digits)
    _fp_digits                               0x08001251   Thumb Code   366  printfa.o(i._fp_digits)
    i._printf_core                           0x080013d4   Section        0  printfa.o(i._printf_core)
    _printf_core                             0x080013d5   Thumb Code  1704  printfa.o(i._printf_core)
    i._printf_post_padding                   0x08001a88   Section        0  printfa.o(i._printf_post_padding)
    _printf_post_padding                     0x08001a89   Thumb Code    36  printfa.o(i._printf_post_padding)
    i._printf_pre_padding                    0x08001aac   Section        0  printfa.o(i._printf_pre_padding)
    _printf_pre_padding                      0x08001aad   Thumb Code    46  printfa.o(i._printf_pre_padding)
    i.fputc                                  0x08001adc   Section        0  main.o(i.fputc)
    i.main                                   0x08001b00   Section        0  main.o(i.main)
    .constdata                               0x08001c00   Section       76  board.o(.constdata)
    .data                                    0x20000000   Section       40  board.o(.data)
    .data                                    0x20000028   Section        4  stdout.o(.data)
    STACK                                    0x20000030   Section     1024  startup_apm32f40x.o(STACK)

    Global Symbols

    Symbol Name                              Value     Ov Type        Size  Object(Section)

    BuildAttributes$$THM_ISAv4$P$D$K$B$S$PE$A:L22UL41UL21$X:L11$S22US41US21$IEEE1$IW$USESV6$~STKCKD$USESV7$~SHL$OTIME$ROPI$EBA8$MICROLIB$REQ8$PRES8$EABIv2 0x00000000   Number         0  anon$$obj.o ABSOLUTE
    __ARM_use_no_argv                        0x00000000   Number         0  main.o ABSOLUTE
    _printf_a                                0x00000000   Number         0  stubs.o ABSOLUTE
    _printf_c                                0x00000000   Number         0  stubs.o ABSOLUTE
    _printf_charcount                        0x00000000   Number         0  stubs.o ABSOLUTE
    _printf_d                                0x00000000   Number         0  stubs.o ABSOLUTE
    _printf_e                                0x00000000   Number         0  stubs.o ABSOLUTE
    _printf_f                                0x00000000   Number         0  stubs.o ABSOLUTE
    _printf_flags                            0x00000000   Number         0  stubs.o ABSOLUTE
    _printf_fp_dec                           0x00000000   Number         0  stubs.o ABSOLUTE
    _printf_fp_hex                           0x00000000   Number         0  stubs.o ABSOLUTE
    _printf_g                                0x00000000   Number         0  stubs.o ABSOLUTE
    _printf_i                                0x00000000   Number         0  stubs.o ABSOLUTE
    _printf_int_dec                          0x00000000   Number         0  stubs.o ABSOLUTE
    _printf_l                                0x00000000   Number         0  stubs.o ABSOLUTE
    _printf_lc                               0x00000000   Number         0  stubs.o ABSOLUTE
    _printf_ll                               0x00000000   Number         0  stubs.o ABSOLUTE
    _printf_lld                              0x00000000   Number         0  stubs.o ABSOLUTE
    _printf_lli                              0x00000000   Number         0  stubs.o ABSOLUTE
    _printf_llo                              0x00000000   Number         0  stubs.o ABSOLUTE
    _printf_llu                              0x00000000   Number         0  stubs.o ABSOLUTE
    _printf_llx                              0x00000000   Number         0  stubs.o ABSOLUTE
    _printf_longlong_dec                     0x00000000   Number         0  stubs.o ABSOLUTE
    _printf_longlong_hex                     0x00000000   Number         0  stubs.o ABSOLUTE
    _printf_longlong_oct                     0x00000000   Number         0  stubs.o ABSOLUTE
    _printf_ls                               0x00000000   Number         0  stubs.o ABSOLUTE
    _printf_mbtowc                           0x00000000   Number         0  stubs.o ABSOLUTE
    _printf_n                                0x00000000   Number         0  stubs.o ABSOLUTE
    _printf_o                                0x00000000   Number         0  stubs.o ABSOLUTE
    _printf_p                                0x00000000   Number         0  stubs.o ABSOLUTE
    _printf_percent                          0x00000000   Number         0  stubs.o ABSOLUTE
    _printf_pre_padding                      0x00000000   Number         0  stubs.o ABSOLUTE
    _printf_return_value                     0x00000000   Number         0  stubs.o ABSOLUTE
    _printf_s                                0x00000000   Number         0  stubs.o ABSOLUTE
    _printf_sizespec                         0x00000000   Number         0  stubs.o ABSOLUTE
    _printf_str                              0x00000000   Number         0  stubs.o ABSOLUTE
    _printf_truncate_signed                  0x00000000   Number         0  stubs.o ABSOLUTE
    _printf_truncate_unsigned                0x00000000   Number         0  stubs.o ABSOLUTE
    _printf_u                                0x00000000   Number         0  stubs.o ABSOLUTE
    _printf_wc                               0x00000000   Number         0  stubs.o ABSOLUTE
    _printf_wctomb                           0x00000000   Number         0  stubs.o ABSOLUTE
    _printf_widthprec                        0x00000000   Number         0  stubs.o ABSOLUTE
    _printf_x                                0x00000000   Number         0  stubs.o ABSOLUTE
    __arm_fini_                               - Undefined Weak Reference
    __cpp_initialize__aeabi_                  - Undefined Weak Reference
    __cxa_finalize                            - Undefined Weak Reference
    __decompress                              - Undefined Weak Reference
    _clock_init                               - Undefined Weak Reference
    _microlib_exit                            - Undefined Weak Reference
    __Vectors_Size                           0x00000194   Number         0  startup_apm32f40x.o ABSOLUTE
    __Vectors                                0x08000000   Data           4  startup_apm32f40x.o(RESET)
    __Vectors_End                            0x08000194   Data           0  startup_apm32f40x.o(RESET)
    __main                                   0x08000195   Thumb Code     0  entry.o(.ARM.Collect$$$$00000000)
    _main_stk                                0x08000195   Thumb Code     0  entry2.o(.ARM.Collect$$$$00000001)
    _main_scatterload                        0x08000199   Thumb Code     0  entry5.o(.ARM.Collect$$$$00000004)
    __main_after_scatterload                 0x0800019d   Thumb Code     0  entry5.o(.ARM.Collect$$$$00000004)
    _main_clock                              0x0800019d   Thumb Code     0  entry7b.o(.ARM.Collect$$$$00000008)
    _main_cpp_init                           0x0800019d   Thumb Code     0  entry8b.o(.ARM.Collect$$$$0000000A)
    _main_init                               0x0800019d   Thumb Code     0  entry9a.o(.ARM.Collect$$$$0000000B)
    __rt_lib_shutdown_fini                   0x080001a5   Thumb Code     0  entry12b.o(.ARM.Collect$$$$0000000E)
    __rt_final_cpp                           0x080001a9   Thumb Code     0  entry10a.o(.ARM.Collect$$$$0000000F)
    __rt_final_exit                          0x080001a9   Thumb Code     0  entry11a.o(.ARM.Collect$$$$00000011)
    Reset_Handler                            0x080001ad   Thumb Code     8  startup_apm32f40x.o(.text)
    ADC_IRQHandler                           0x080001c7   Thumb Code     0  startup_apm32f40x.o(.text)
    BN_IRQHandler                            0x080001c7   Thumb Code     0  startup_apm32f40x.o(.text)
    CAN1_RX0_IRQHandler                      0x080001c7   Thumb Code     0  startup_apm32f40x.o(.text)
    CAN1_RX1_IRQHandler                      0x080001c7   Thumb Code     0  startup_apm32f40x.o(.text)
    CAN1_SCE_IRQHandler                      0x080001c7   Thumb Code     0  startup_apm32f40x.o(.text)
    CAN1_TX_IRQHandler                       0x080001c7   Thumb Code     0  startup_apm32f40x.o(.text)
    CAN2_RX0_IRQHandler                      0x080001c7   Thumb Code     0  startup_apm32f40x.o(.text)
    CAN2_RX1_IRQHandler                      0x080001c7   Thumb Code     0  startup_apm32f40x.o(.text)
    CAN2_SCE_IRQHandler                      0x080001c7   Thumb Code     0  startup_apm32f40x.o(.text)
    CAN2_TX_IRQHandler                       0x080001c7   Thumb Code     0  startup_apm32f40x.o(.text)
    DCI_IRQHandler                           0x080001c7   Thumb Code     0  startup_apm32f40x.o(.text)
    DMA1_STR0_IRQHandler                     0x080001c7   Thumb Code     0  startup_apm32f40x.o(.text)
    DMA1_STR1_IRQHandler                     0x080001c7   Thumb Code     0  startup_apm32f40x.o(.text)
    DMA1_STR2_IRQHandler                     0x080001c7   Thumb Code     0  startup_apm32f40x.o(.text)
    DMA1_STR3_IRQHandler                     0x080001c7   Thumb Code     0  startup_apm32f40x.o(.text)
    DMA1_STR4_IRQHandler                     0x080001c7   Thumb Code     0  startup_apm32f40x.o(.text)
    DMA1_STR5_IRQHandler                     0x080001c7   Thumb Code     0  startup_apm32f40x.o(.text)
    DMA1_STR6_IRQHandler                     0x080001c7   Thumb Code     0  startup_apm32f40x.o(.text)
    DMA1_STR7_IRQHandler                     0x080001c7   Thumb Code     0  startup_apm32f40x.o(.text)
    DMA2_STR0_IRQHandler                     0x080001c7   Thumb Code     0  startup_apm32f40x.o(.text)
    DMA2_STR1_IRQHandler                     0x080001c7   Thumb Code     0  startup_apm32f40x.o(.text)
    DMA2_STR2_IRQHandler                     0x080001c7   Thumb Code     0  startup_apm32f40x.o(.text)
    DMA2_STR3_IRQHandler                     0x080001c7   Thumb Code     0  startup_apm32f40x.o(.text)
    DMA2_STR4_IRQHandler                     0x080001c7   Thumb Code     0  startup_apm32f40x.o(.text)
    DMA2_STR5_IRQHandler                     0x080001c7   Thumb Code     0  startup_apm32f40x.o(.text)
    DMA2_STR6_IRQHandler                     0x080001c7   Thumb Code     0  startup_apm32f40x.o(.text)
    DMA2_STR7_IRQHandler                     0x080001c7   Thumb Code     0  startup_apm32f40x.o(.text)
    EINT0_IRQHandler                         0x080001c7   Thumb Code     0  startup_apm32f40x.o(.text)
    EINT15_10_IRQHandler                     0x080001c7   Thumb Code     0  startup_apm32f40x.o(.text)
    EINT1_IRQHandler                         0x080001c7   Thumb Code     0  startup_apm32f40x.o(.text)
    EINT2_IRQHandler                         0x080001c7   Thumb Code     0  startup_apm32f40x.o(.text)
    EINT3_IRQHandler                         0x080001c7   Thumb Code     0  startup_apm32f40x.o(.text)
    EINT4_IRQHandler                         0x080001c7   Thumb Code     0  startup_apm32f40x.o(.text)
    EINT9_5_IRQHandler                       0x080001c7   Thumb Code     0  startup_apm32f40x.o(.text)
    EMMC_IRQHandler                          0x080001c7   Thumb Code     0  startup_apm32f40x.o(.text)
    ETH_IRQHandler                           0x080001c7   Thumb Code     0  startup_apm32f40x.o(.text)
    ETH_WKUP_IRQHandler                      0x080001c7   Thumb Code     0  startup_apm32f40x.o(.text)
    FLASH_IRQHandler                         0x080001c7   Thumb Code     0  startup_apm32f40x.o(.text)
    FPU_IRQHandler                           0x080001c7   Thumb Code     0  startup_apm32f40x.o(.text)
    I2C1_ER_IRQHandler                       0x080001c7   Thumb Code     0  startup_apm32f40x.o(.text)
    I2C1_EV_IRQHandler                       0x080001c7   Thumb Code     0  startup_apm32f40x.o(.text)
    I2C2_ER_IRQHandler                       0x080001c7   Thumb Code     0  startup_apm32f40x.o(.text)
    I2C2_EV_IRQHandler                       0x080001c7   Thumb Code     0  startup_apm32f40x.o(.text)
    I2C3_ER_IRQHandler                       0x080001c7   Thumb Code     0  startup_apm32f40x.o(.text)
    I2C3_EV_IRQHandler                       0x080001c7   Thumb Code     0  startup_apm32f40x.o(.text)
    OTG_FS_IRQHandler                        0x080001c7   Thumb Code     0  startup_apm32f40x.o(.text)
    OTG_FS_WKUP_IRQHandler                   0x080001c7   Thumb Code     0  startup_apm32f40x.o(.text)
    OTG_HS1_EP1_IN_IRQHandler                0x080001c7   Thumb Code     0  startup_apm32f40x.o(.text)
    OTG_HS1_EP1_OUT_IRQHandler               0x080001c7   Thumb Code     0  startup_apm32f40x.o(.text)
    OTG_HS1_IRQHandler                       0x080001c7   Thumb Code     0  startup_apm32f40x.o(.text)
    OTG_HS1_WKUP_IRQHandler                  0x080001c7   Thumb Code     0  startup_apm32f40x.o(.text)
    PVD_IRQHandler                           0x080001c7   Thumb Code     0  startup_apm32f40x.o(.text)
    RCM_IRQHandler                           0x080001c7   Thumb Code     0  startup_apm32f40x.o(.text)
    RTC_Alarm_IRQHandler                     0x080001c7   Thumb Code     0  startup_apm32f40x.o(.text)
    RTC_WKUP_IRQHandler                      0x080001c7   Thumb Code     0  startup_apm32f40x.o(.text)
    SDIO_IRQHandler                          0x080001c7   Thumb Code     0  startup_apm32f40x.o(.text)
    SM3_IRQHandler                           0x080001c7   Thumb Code     0  startup_apm32f40x.o(.text)
    SM4_IRQHandler                           0x080001c7   Thumb Code     0  startup_apm32f40x.o(.text)
    SPI1_IRQHandler                          0x080001c7   Thumb Code     0  startup_apm32f40x.o(.text)
    SPI2_IRQHandler                          0x080001c7   Thumb Code     0  startup_apm32f40x.o(.text)
    SPI3_IRQHandler                          0x080001c7   Thumb Code     0  startup_apm32f40x.o(.text)
    TAMP_STAMP_IRQHandler                    0x080001c7   Thumb Code     0  startup_apm32f40x.o(.text)
    TMR1_BRK_TMR9_IRQHandler                 0x080001c7   Thumb Code     0  startup_apm32f40x.o(.text)
    TMR1_CC_IRQHandler                       0x080001c7   Thumb Code     0  startup_apm32f40x.o(.text)
    TMR1_TRG_COM_TMR11_IRQHandler            0x080001c7   Thumb Code     0  startup_apm32f40x.o(.text)
    TMR1_UP_TMR10_IRQHandler                 0x080001c7   Thumb Code     0  startup_apm32f40x.o(.text)
    TMR2_IRQHandler                          0x080001c7   Thumb Code     0  startup_apm32f40x.o(.text)
    TMR3_IRQHandler                          0x080001c7   Thumb Code     0  startup_apm32f40x.o(.text)
    TMR4_IRQHandler                          0x080001c7   Thumb Code     0  startup_apm32f40x.o(.text)
    TMR5_IRQHandler                          0x080001c7   Thumb Code     0  startup_apm32f40x.o(.text)
    TMR6_DAC_IRQHandler                      0x080001c7   Thumb Code     0  startup_apm32f40x.o(.text)
    TMR7_IRQHandler                          0x080001c7   Thumb Code     0  startup_apm32f40x.o(.text)
    TMR8_BRK_TMR12_IRQHandler                0x080001c7   Thumb Code     0  startup_apm32f40x.o(.text)
    TMR8_CC_IRQHandler                       0x080001c7   Thumb Code     0  startup_apm32f40x.o(.text)
    TMR8_TRG_COM_TMR14_IRQHandler            0x080001c7   Thumb Code     0  startup_apm32f40x.o(.text)
    TMR8_UP_TMR13_IRQHandler                 0x080001c7   Thumb Code     0  startup_apm32f40x.o(.text)
    UART4_IRQHandler                         0x080001c7   Thumb Code     0  startup_apm32f40x.o(.text)
    UART5_IRQHandler                         0x080001c7   Thumb Code     0  startup_apm32f40x.o(.text)
    USART1_IRQHandler                        0x080001c7   Thumb Code     0  startup_apm32f40x.o(.text)
    USART2_IRQHandler                        0x080001c7   Thumb Code     0  startup_apm32f40x.o(.text)
    USART3_IRQHandler                        0x080001c7   Thumb Code     0  startup_apm32f40x.o(.text)
    USART6_IRQHandler                        0x080001c7   Thumb Code     0  startup_apm32f40x.o(.text)
    WWDT_IRQHandler                          0x080001c7   Thumb Code     0  startup_apm32f40x.o(.text)
    __aeabi_fdiv                             0x080001d1   Thumb Code   124  fdiv.o(.text)
    __aeabi_dadd                             0x0800024d   Thumb Code   322  dadd.o(.text)
    __aeabi_dsub                             0x0800038f   Thumb Code     6  dadd.o(.text)
    __aeabi_drsub                            0x08000395   Thumb Code     6  dadd.o(.text)
    __aeabi_dmul                             0x0800039b   Thumb Code   228  dmul.o(.text)
    __aeabi_ddiv                             0x0800047f   Thumb Code   222  ddiv.o(.text)
    __aeabi_ui2f                             0x0800055d   Thumb Code    10  ffltui.o(.text)
    __aeabi_f2d                              0x08000567   Thumb Code    38  f2d.o(.text)
    __aeabi_d2f                              0x0800058d   Thumb Code    56  d2f.o(.text)
    __aeabi_uidiv                            0x080005c5   Thumb Code     0  uidiv.o(.text)
    __aeabi_uidivmod                         0x080005c5   Thumb Code    44  uidiv.o(.text)
    __aeabi_uldivmod                         0x080005f1   Thumb Code    98  uldiv.o(.text)
    __aeabi_llsl                             0x08000653   Thumb Code    30  llshl.o(.text)
    _ll_shift_l                              0x08000653   Thumb Code     0  llshl.o(.text)
    __aeabi_lasr                             0x08000671   Thumb Code    36  llsshr.o(.text)
    _ll_sshift_r                             0x08000671   Thumb Code     0  llsshr.o(.text)
    __I$use$fp                               0x08000695   Thumb Code     0  iusefp.o(.text)
    _float_round                             0x08000695   Thumb Code    18  fepilogue.o(.text)
    _float_epilogue                          0x080006a7   Thumb Code    92  fepilogue.o(.text)
    _double_round                            0x08000703   Thumb Code    30  depilogue.o(.text)
    _double_epilogue                         0x08000721   Thumb Code   156  depilogue.o(.text)
    __aeabi_d2ulz                            0x080007bd   Thumb Code    48  dfixul.o(.text)
    __aeabi_cdrcmple                         0x080007ed   Thumb Code    48  cdrcmple.o(.text)
    __scatterload                            0x0800081d   Thumb Code    28  init.o(.text)
    __scatterload_rt2                        0x0800081d   Thumb Code     0  init.o(.text)
    __aeabi_llsr                             0x08000841   Thumb Code    32  llushr.o(.text)
    _ll_ushift_r                             0x08000841   Thumb Code     0  llushr.o(.text)
    ADC_Config                               0x08000861   Thumb Code    74  apm32f4xx_adc.o(i.ADC_Config)
    ADC_ConfigRegularChannel                 0x080008ab   Thumb Code   184  apm32f4xx_adc.o(i.ADC_ConfigRegularChannel)
    ADC_ConfigStructInit                     0x08000963   Thumb Code    20  apm32f4xx_adc.o(i.ADC_ConfigStructInit)
    ADC_Enable                               0x08000977   Thumb Code    12  apm32f4xx_adc.o(i.ADC_Enable)
    ADC_EnableDMA                            0x08000983   Thumb Code    14  apm32f4xx_adc.o(i.ADC_EnableDMA)
    ADC_EnableDMARequest                     0x08000991   Thumb Code    14  apm32f4xx_adc.o(i.ADC_EnableDMARequest)
    ADC_EnableTempSensorVrefint              0x080009a1   Thumb Code    20  apm32f4xx_adc.o(i.ADC_EnableTempSensorVrefint)
    ADC_Init                                 0x080009bd   Thumb Code    96  main.o(i.ADC_Init)
    ADC_Reset                                0x08000a21   Thumb Code    20  apm32f4xx_adc.o(i.ADC_Reset)
    ADC_SoftwareStartConv                    0x08000a35   Thumb Code    14  apm32f4xx_adc.o(i.ADC_SoftwareStartConv)
    APM_MINI_COMInit                         0x08000a45   Thumb Code   178  board.o(i.APM_MINI_COMInit)
    BusFault_Handler                         0x08000b25   Thumb Code     4  apm32f4xx_int.o(i.BusFault_Handler)
    DMA_ClearIntFlag                         0x08000b29   Thumb Code    38  apm32f4xx_dma.o(i.DMA_ClearIntFlag)
    DMA_ClearStatusFlag                      0x08000b5d   Thumb Code    38  apm32f4xx_dma.o(i.DMA_ClearStatusFlag)
    DMA_Config                               0x08000b91   Thumb Code   134  apm32f4xx_dma.o(i.DMA_Config)
    DMA_Enable                               0x08000c17   Thumb Code    12  apm32f4xx_dma.o(i.DMA_Enable)
    DMA_EnableInterrupt                      0x08000c23   Thumb Code    32  apm32f4xx_dma.o(i.DMA_EnableInterrupt)
    DMA_Init                                 0x08000c45   Thumb Code   122  main.o(i.DMA_Init)
    DMA_ReadStatusFlag                       0x08000cc9   Thumb Code    50  apm32f4xx_dma.o(i.DMA_ReadStatusFlag)
    DebugMon_Handler                         0x08000d05   Thumb Code     2  apm32f4xx_int.o(i.DebugMon_Handler)
    Delay                                    0x08000d07   Thumb Code    18  main.o(i.Delay)
    GPIO_Config                              0x08000d19   Thumb Code   144  apm32f4xx_gpio.o(i.GPIO_Config)
    GPIO_ConfigPinAF                         0x08000da9   Thumb Code    74  apm32f4xx_gpio.o(i.GPIO_ConfigPinAF)
    GPIO_ConfigStructInit                    0x08000df3   Thumb Code    18  apm32f4xx_gpio.o(i.GPIO_ConfigStructInit)
    HardFault_Handler                        0x08000e05   Thumb Code     4  apm32f4xx_int.o(i.HardFault_Handler)
    MemManage_Handler                        0x08000e09   Thumb Code     4  apm32f4xx_int.o(i.MemManage_Handler)
    NMI_Handler                              0x08000e0d   Thumb Code     2  apm32f4xx_int.o(i.NMI_Handler)
    PendSV_Handler                           0x08000e0f   Thumb Code     2  apm32f4xx_int.o(i.PendSV_Handler)
    RCM_DisableAPB2PeriphReset               0x08000e11   Thumb Code    12  apm32f4xx_rcm.o(i.RCM_DisableAPB2PeriphReset)
    RCM_EnableAHB1PeriphClock                0x08000e21   Thumb Code    12  apm32f4xx_rcm.o(i.RCM_EnableAHB1PeriphClock)
    RCM_EnableAPB1PeriphClock                0x08000e31   Thumb Code    12  apm32f4xx_rcm.o(i.RCM_EnableAPB1PeriphClock)
    RCM_EnableAPB2PeriphClock                0x08000e41   Thumb Code    12  apm32f4xx_rcm.o(i.RCM_EnableAPB2PeriphClock)
    RCM_EnableAPB2PeriphReset                0x08000e51   Thumb Code    12  apm32f4xx_rcm.o(i.RCM_EnableAPB2PeriphReset)
    RCM_ReadHCLKFreq                         0x08000e61   Thumb Code    38  apm32f4xx_rcm.o(i.RCM_ReadHCLKFreq)
    RCM_ReadPCLKFreq                         0x08000e9d   Thumb Code    62  apm32f4xx_rcm.o(i.RCM_ReadPCLKFreq)
    RCM_ReadSYSCLKFreq                       0x08000ee9   Thumb Code   122  apm32f4xx_rcm.o(i.RCM_ReadSYSCLKFreq)
    SVC_Handler                              0x08000f71   Thumb Code     2  apm32f4xx_int.o(i.SVC_Handler)
    SysTick_Handler                          0x08000f73   Thumb Code     2  apm32f4xx_int.o(i.SysTick_Handler)
    SystemInit                               0x0800107d   Thumb Code    76  system_apm32f4xx.o(i.SystemInit)
    USART_Config                             0x080010d9   Thumb Code   236  apm32f4xx_usart.o(i.USART_Config)
    USART_ConfigStructInit                   0x080011cd   Thumb Code    24  apm32f4xx_usart.o(i.USART_ConfigStructInit)
    USART_Enable                             0x080011e5   Thumb Code    14  apm32f4xx_usart.o(i.USART_Enable)
    USART_ReadStatusFlag                     0x080011f3   Thumb Code    16  apm32f4xx_usart.o(i.USART_ReadStatusFlag)
    USART_TxData                             0x08001203   Thumb Code    10  apm32f4xx_usart.o(i.USART_TxData)
    UsageFault_Handler                       0x0800120d   Thumb Code     4  apm32f4xx_int.o(i.UsageFault_Handler)
    __0printf                                0x08001211   Thumb Code    22  printfa.o(i.__0printf)
    __1printf                                0x08001211   Thumb Code     0  printfa.o(i.__0printf)
    __2printf                                0x08001211   Thumb Code     0  printfa.o(i.__0printf)
    __c89printf                              0x08001211   Thumb Code     0  printfa.o(i.__0printf)
    printf                                   0x08001211   Thumb Code     0  printfa.o(i.__0printf)
    __scatterload_copy                       0x08001231   Thumb Code    14  handlers.o(i.__scatterload_copy)
    __scatterload_null                       0x0800123f   Thumb Code     2  handlers.o(i.__scatterload_null)
    __scatterload_zeroinit                   0x08001241   Thumb Code    14  handlers.o(i.__scatterload_zeroinit)
    fputc                                    0x08001add   Thumb Code    32  main.o(i.fputc)
    main                                     0x08001b01   Thumb Code   198  main.o(i.main)
    GPIO_PIN                                 0x08001c00   Data           4  board.o(.constdata)
    GPIO_CLK                                 0x08001c04   Data           8  board.o(.constdata)
    BUTTON_PIN                               0x08001c0c   Data           4  board.o(.constdata)
    BUTTON_CLK                               0x08001c10   Data           8  board.o(.constdata)
    BUTTON_EINT_LINE                         0x08001c18   Data           8  board.o(.constdata)
    BUTTON_PORT_SOURCE                       0x08001c20   Data           2  board.o(.constdata)
    BUTTON_PIN_SOURCE                        0x08001c22   Data           2  board.o(.constdata)
    BUTTON_IRQn                              0x08001c24   Data           2  board.o(.constdata)
    COM_TX_PIN_SOURCE                        0x08001c26   Data           2  board.o(.constdata)
    COM_RX_PIN_SOURCE                        0x08001c28   Data           2  board.o(.constdata)
    COM_GPIO_AF                              0x08001c2a   Data           2  board.o(.constdata)
    COM_USART_CLK                            0x08001c2c   Data           8  board.o(.constdata)
    COM_TX_PORT_CLK                          0x08001c34   Data           8  board.o(.constdata)
    COM_RX_PORT_CLK                          0x08001c3c   Data           8  board.o(.constdata)
    COM_TX_PIN                               0x08001c44   Data           4  board.o(.constdata)
    COM_RX_PIN                               0x08001c48   Data           4  board.o(.constdata)
    Region$$Table$$Base                      0x08001c4c   Number         0  anon$$obj.o(Region$$Table)
    Region$$Table$$Limit                     0x08001c6c   Number         0  anon$$obj.o(Region$$Table)
    GPIO_PORT                                0x20000000   Data           8  board.o(.data)
    BUTTON_PORT                              0x20000008   Data           8  board.o(.data)
    COM_USART                                0x20000010   Data           8  board.o(.data)
    COM_TX_PORT                              0x20000018   Data           8  board.o(.data)
    COM_RX_PORT                              0x20000020   Data           8  board.o(.data)
    __stdout                                 0x20000028   Data           4  stdout.o(.data)
    __initial_sp                             0x20000430   Data           0  startup_apm32f40x.o(STACK)



==============================================================================

Memory Map of the image

  Image Entry point : 0x08000195

  Load Region LR_IROM1 (Base: 0x08000000, Size: 0x00001c98, Max: 0x00100000, ABSOLUTE)

    Execution Region ER_IROM1 (Exec base: 0x08000000, Load base: 0x08000000, Size: 0x00001c6c, Max: 0x00100000, ABSOLUTE)

    Exec Addr    Load Addr    Size         Type   Attr      Idx    E Section Name        Object

    0x08000000   0x08000000   0x00000194   Data   RO           66    RESET               startup_apm32f40x.o
    0x08000194   0x08000194   0x00000000   Code   RO         5558  * .ARM.Collect$$$$00000000  mc_w.l(entry.o)
    0x08000194   0x08000194   0x00000004   Code   RO         5836    .ARM.Collect$$$$00000001  mc_w.l(entry2.o)
    0x08000198   0x08000198   0x00000004   Code   RO         5839    .ARM.Collect$$$$00000004  mc_w.l(entry5.o)
    0x0800019c   0x0800019c   0x00000000   Code   RO         5841    .ARM.Collect$$$$00000008  mc_w.l(entry7b.o)
    0x0800019c   0x0800019c   0x00000000   Code   RO         5843    .ARM.Collect$$$$0000000A  mc_w.l(entry8b.o)
    0x0800019c   0x0800019c   0x00000008   Code   RO         5844    .ARM.Collect$$$$0000000B  mc_w.l(entry9a.o)
    0x080001a4   0x080001a4   0x00000004   Code   RO         5851    .ARM.Collect$$$$0000000E  mc_w.l(entry12b.o)
    0x080001a8   0x080001a8   0x00000000   Code   RO         5846    .ARM.Collect$$$$0000000F  mc_w.l(entry10a.o)
    0x080001a8   0x080001a8   0x00000000   Code   RO         5848    .ARM.Collect$$$$00000011  mc_w.l(entry11a.o)
    0x080001a8   0x080001a8   0x00000004   Code   RO         5837    .ARM.Collect$$$$00002712  mc_w.l(entry2.o)
    0x080001ac   0x080001ac   0x00000024   Code   RO           67    .text               startup_apm32f40x.o
    0x080001d0   0x080001d0   0x0000007c   Code   RO         5822    .text               mf_w.l(fdiv.o)
    0x0800024c   0x0800024c   0x0000014e   Code   RO         5824    .text               mf_w.l(dadd.o)
    0x0800039a   0x0800039a   0x000000e4   Code   RO         5826    .text               mf_w.l(dmul.o)
    0x0800047e   0x0800047e   0x000000de   Code   RO         5828    .text               mf_w.l(ddiv.o)
    0x0800055c   0x0800055c   0x0000000a   Code   RO         5830    .text               mf_w.l(ffltui.o)
    0x08000566   0x08000566   0x00000026   Code   RO         5832    .text               mf_w.l(f2d.o)
    0x0800058c   0x0800058c   0x00000038   Code   RO         5834    .text               mf_w.l(d2f.o)
    0x080005c4   0x080005c4   0x0000002c   Code   RO         5853    .text               mc_w.l(uidiv.o)
    0x080005f0   0x080005f0   0x00000062   Code   RO         5855    .text               mc_w.l(uldiv.o)
    0x08000652   0x08000652   0x0000001e   Code   RO         5857    .text               mc_w.l(llshl.o)
    0x08000670   0x08000670   0x00000024   Code   RO         5859    .text               mc_w.l(llsshr.o)
    0x08000694   0x08000694   0x00000000   Code   RO         5861    .text               mc_w.l(iusefp.o)
    0x08000694   0x08000694   0x0000006e   Code   RO         5862    .text               mf_w.l(fepilogue.o)
    0x08000702   0x08000702   0x000000ba   Code   RO         5864    .text               mf_w.l(depilogue.o)
    0x080007bc   0x080007bc   0x00000030   Code   RO         5866    .text               mf_w.l(dfixul.o)
    0x080007ec   0x080007ec   0x00000030   Code   RO         5868    .text               mf_w.l(cdrcmple.o)
    0x0800081c   0x0800081c   0x00000024   Code   RO         5870    .text               mc_w.l(init.o)
    0x08000840   0x08000840   0x00000020   Code   RO         5872    .text               mc_w.l(llushr.o)
    0x08000860   0x08000860   0x0000004a   Code   RO           79    i.ADC_Config        apm32f4xx_adc.o
    0x080008aa   0x080008aa   0x000000b8   Code   RO           88    i.ADC_ConfigRegularChannel  apm32f4xx_adc.o
    0x08000962   0x08000962   0x00000014   Code   RO           89    i.ADC_ConfigStructInit  apm32f4xx_adc.o
    0x08000976   0x08000976   0x0000000c   Code   RO          103    i.ADC_Enable        apm32f4xx_adc.o
    0x08000982   0x08000982   0x0000000e   Code   RO          107    i.ADC_EnableDMA     apm32f4xx_adc.o
    0x08000990   0x08000990   0x0000000e   Code   RO          108    i.ADC_EnableDMARequest  apm32f4xx_adc.o
    0x0800099e   0x0800099e   0x00000002   PAD
    0x080009a0   0x080009a0   0x0000001c   Code   RO          115    i.ADC_EnableTempSensorVrefint  apm32f4xx_adc.o
    0x080009bc   0x080009bc   0x00000064   Code   RO         5509    i.ADC_Init          main.o
    0x08000a20   0x08000a20   0x00000014   Code   RO          124    i.ADC_Reset         apm32f4xx_adc.o
    0x08000a34   0x08000a34   0x0000000e   Code   RO          125    i.ADC_SoftwareStartConv  apm32f4xx_adc.o
    0x08000a42   0x08000a42   0x00000002   PAD
    0x08000a44   0x08000a44   0x000000e0   Code   RO         5358    i.APM_MINI_COMInit  board.o
    0x08000b24   0x08000b24   0x00000004   Code   RO         5431    i.BusFault_Handler  apm32f4xx_int.o
    0x08000b28   0x08000b28   0x00000034   Code   RO         1254    i.DMA_ClearIntFlag  apm32f4xx_dma.o
    0x08000b5c   0x08000b5c   0x00000034   Code   RO         1255    i.DMA_ClearStatusFlag  apm32f4xx_dma.o
    0x08000b90   0x08000b90   0x00000086   Code   RO         1256    i.DMA_Config        apm32f4xx_dma.o
    0x08000c16   0x08000c16   0x0000000c   Code   RO         1266    i.DMA_Enable        apm32f4xx_dma.o
    0x08000c22   0x08000c22   0x00000020   Code   RO         1268    i.DMA_EnableInterrupt  apm32f4xx_dma.o
    0x08000c42   0x08000c42   0x00000002   PAD
    0x08000c44   0x08000c44   0x00000084   Code   RO         5510    i.DMA_Init          main.o
    0x08000cc8   0x08000cc8   0x0000003c   Code   RO         1274    i.DMA_ReadStatusFlag  apm32f4xx_dma.o
    0x08000d04   0x08000d04   0x00000002   Code   RO         5432    i.DebugMon_Handler  apm32f4xx_int.o
    0x08000d06   0x08000d06   0x00000012   Code   RO         5511    i.Delay             main.o
    0x08000d18   0x08000d18   0x00000090   Code   RO         1878    i.GPIO_Config       apm32f4xx_gpio.o
    0x08000da8   0x08000da8   0x0000004a   Code   RO         1879    i.GPIO_ConfigPinAF  apm32f4xx_gpio.o
    0x08000df2   0x08000df2   0x00000012   Code   RO         1881    i.GPIO_ConfigStructInit  apm32f4xx_gpio.o
    0x08000e04   0x08000e04   0x00000004   Code   RO         5433    i.HardFault_Handler  apm32f4xx_int.o
    0x08000e08   0x08000e08   0x00000004   Code   RO         5434    i.MemManage_Handler  apm32f4xx_int.o
    0x08000e0c   0x08000e0c   0x00000002   Code   RO         5435    i.NMI_Handler       apm32f4xx_int.o
    0x08000e0e   0x08000e0e   0x00000002   Code   RO         5436    i.PendSV_Handler    apm32f4xx_int.o
    0x08000e10   0x08000e10   0x00000010   Code   RO         2763    i.RCM_DisableAPB2PeriphReset  apm32f4xx_rcm.o
    0x08000e20   0x08000e20   0x00000010   Code   RO         2772    i.RCM_EnableAHB1PeriphClock  apm32f4xx_rcm.o
    0x08000e30   0x08000e30   0x00000010   Code   RO         2778    i.RCM_EnableAPB1PeriphClock  apm32f4xx_rcm.o
    0x08000e40   0x08000e40   0x00000010   Code   RO         2781    i.RCM_EnableAPB2PeriphClock  apm32f4xx_rcm.o
    0x08000e50   0x08000e50   0x00000010   Code   RO         2783    i.RCM_EnableAPB2PeriphReset  apm32f4xx_rcm.o
    0x08000e60   0x08000e60   0x0000003c   Code   RO         2792    i.RCM_ReadHCLKFreq  apm32f4xx_rcm.o
    0x08000e9c   0x08000e9c   0x0000004c   Code   RO         2794    i.RCM_ReadPCLKFreq  apm32f4xx_rcm.o
    0x08000ee8   0x08000ee8   0x00000088   Code   RO         2795    i.RCM_ReadSYSCLKFreq  apm32f4xx_rcm.o
    0x08000f70   0x08000f70   0x00000002   Code   RO         5437    i.SVC_Handler       apm32f4xx_int.o
    0x08000f72   0x08000f72   0x00000002   Code   RO         5438    i.SysTick_Handler   apm32f4xx_int.o
    0x08000f74   0x08000f74   0x00000108   Code   RO            4    i.SystemClockConfig  system_apm32f4xx.o
    0x0800107c   0x0800107c   0x0000005c   Code   RO            6    i.SystemInit        system_apm32f4xx.o
    0x080010d8   0x080010d8   0x000000f4   Code   RO         5031    i.USART_Config      apm32f4xx_usart.o
    0x080011cc   0x080011cc   0x00000018   Code   RO         5038    i.USART_ConfigStructInit  apm32f4xx_usart.o
    0x080011e4   0x080011e4   0x0000000e   Code   RO         5051    i.USART_Enable      apm32f4xx_usart.o
    0x080011f2   0x080011f2   0x00000010   Code   RO         5063    i.USART_ReadStatusFlag  apm32f4xx_usart.o
    0x08001202   0x08001202   0x0000000a   Code   RO         5067    i.USART_TxData      apm32f4xx_usart.o
    0x0800120c   0x0800120c   0x00000004   Code   RO         5439    i.UsageFault_Handler  apm32f4xx_int.o
    0x08001210   0x08001210   0x00000020   Code   RO         5794    i.__0printf         mc_w.l(printfa.o)
    0x08001230   0x08001230   0x0000000e   Code   RO         5876    i.__scatterload_copy  mc_w.l(handlers.o)
    0x0800123e   0x0800123e   0x00000002   Code   RO         5877    i.__scatterload_null  mc_w.l(handlers.o)
    0x08001240   0x08001240   0x0000000e   Code   RO         5878    i.__scatterload_zeroinit  mc_w.l(handlers.o)
    0x0800124e   0x0800124e   0x00000002   PAD
    0x08001250   0x08001250   0x00000184   Code   RO         5801    i._fp_digits        mc_w.l(printfa.o)
    0x080013d4   0x080013d4   0x000006b4   Code   RO         5802    i._printf_core      mc_w.l(printfa.o)
    0x08001a88   0x08001a88   0x00000024   Code   RO         5803    i._printf_post_padding  mc_w.l(printfa.o)
    0x08001aac   0x08001aac   0x0000002e   Code   RO         5804    i._printf_pre_padding  mc_w.l(printfa.o)
    0x08001ada   0x08001ada   0x00000002   PAD
    0x08001adc   0x08001adc   0x00000024   Code   RO         5512    i.fputc             main.o
    0x08001b00   0x08001b00   0x00000100   Code   RO         5513    i.main              main.o
    0x08001c00   0x08001c00   0x0000004c   Data   RO         5365    .constdata          board.o
    0x08001c4c   0x08001c4c   0x00000020   Data   RO         5874    Region$$Table       anon$$obj.o


    Execution Region RW_IRAM1 (Exec base: 0x20000000, Load base: 0x08001c6c, Size: 0x00000430, Max: 0x00020000, ABSOLUTE)

    Exec Addr    Load Addr    Size         Type   Attr      Idx    E Section Name        Object

    0x20000000   0x08001c6c   0x00000028   Data   RW         5366    .data               board.o
    0x20000028   0x08001c94   0x00000004   Data   RW         5852    .data               mc_w.l(stdout.o)
    0x2000002c   0x08001c98   0x00000004   PAD
    0x20000030        -       0x00000400   Zero   RW           64    STACK               startup_apm32f40x.o


==============================================================================

Image component sizes


      Code (inc. data)   RO Data    RW Data    ZI Data      Debug   Object Name

       380          8          0          0          0      10885   apm32f4xx_adc.o
       342         38          0          0          0       8998   apm32f4xx_dma.o
         0          0          0          0          0       1132   apm32f4xx_eint.o
       236          0          0          0          0       5353   apm32f4xx_gpio.o
        26          0          0          0          0       4046   apm32f4xx_int.o
       352         70          0          0          0       5664   apm32f4xx_rcm.o
         0          0          0          0          0       1168   apm32f4xx_syscfg.o
       308          8          0          0          0       6005   apm32f4xx_usart.o
       224         46         76         40          0       5079   board.o
       542         76          0          0          0       4637   main.o
        36          8        404          0       1024        892   startup_apm32f40x.o
       356         32          0          0          0      86849   system_apm32f4xx.o

    ----------------------------------------------------------------------
      2808        286        512         40       1024     140708   Object Totals
         0          0         32          0          0          0   (incl. Generated)
         6          0          0          0          0          0   (incl. Padding)

    ----------------------------------------------------------------------

      Code (inc. data)   RO Data    RW Data    ZI Data      Debug   Library Member Name

         0          0          0          0          0          0   entry.o
         0          0          0          0          0          0   entry10a.o
         0          0          0          0          0          0   entry11a.o
         4          0          0          0          0          0   entry12b.o
         8          4          0          0          0          0   entry2.o
         4          0          0          0          0          0   entry5.o
         0          0          0          0          0          0   entry7b.o
         0          0          0          0          0          0   entry8b.o
         8          4          0          0          0          0   entry9a.o
        30          0          0          0          0          0   handlers.o
        36          8          0          0          0         68   init.o
         0          0          0          0          0          0   iusefp.o
        30          0          0          0          0         68   llshl.o
        36          0          0          0          0         68   llsshr.o
        32          0          0          0          0         68   llushr.o
      2218         90          0          0          0        464   printfa.o
         0          0          0          4          0          0   stdout.o
        44          0          0          0          0         80   uidiv.o
        98          0          0          0          0         92   uldiv.o
        48          0          0          0          0         68   cdrcmple.o
        56          0          0          0          0         88   d2f.o
       334          0          0          0          0        148   dadd.o
       222          0          0          0          0        100   ddiv.o
       186          0          0          0          0        176   depilogue.o
        48          0          0          0          0         68   dfixul.o
       228          0          0          0          0         96   dmul.o
        38          0          0          0          0         68   f2d.o
       124          0          0          0          0         88   fdiv.o
       110          0          0          0          0        168   fepilogue.o
        10          0          0          0          0         68   ffltui.o

    ----------------------------------------------------------------------
      3956        106          0          4          4       2044   Library Totals
         4          0          0          0          4          0   (incl. Padding)

    ----------------------------------------------------------------------

      Code (inc. data)   RO Data    RW Data    ZI Data      Debug   Library Name

      2548        106          0          4          0        908   mc_w.l
      1404          0          0          0          0       1136   mf_w.l

    ----------------------------------------------------------------------
      3956        106          0          4          4       2044   Library Totals

    ----------------------------------------------------------------------

==============================================================================


      Code (inc. data)   RO Data    RW Data    ZI Data      Debug   

      6764        392        512         44       1028     139576   Grand Totals
      6764        392        512         44       1028     139576   ELF Image Totals
      6764        392        512         44          0          0   ROM Totals

==============================================================================

    Total RO  Size (Code + RO Data)                 7276 (   7.11kB)
    Total RW  Size (RW Data + ZI Data)              1072 (   1.05kB)
    Total ROM Size (Code + RO Data + RW Data)       7320 (   7.15kB)

==============================================================================

